========================================================================
Install UniP Python Core Dependencies
========================================================================
Python runtime:
  version   : 3.11.13
  executable: /isaac-sim/kit/python/bin/python3

Installing:
  # UniP baseline Python dependencies
  #
  # Scope:
  # - Confirmed by static import audit of the current UniP repository.
  # - Only packages suitable for normal pip ownership are listed here.
  #
  # Intentionally excluded:
  # - torch: version must be chosen together with CUDA/cuRobo compatibility.
  # - curobo: installed from the pinned BennoWingender/curobo source revision.
  # - cv2/opencv: ownership must first be checked against Isaac/ROS system OpenCV.
  # - ROS Python packages: owned by ROS/package.xml/rosdep.
  # - trimesh, numpy-quaternion: present in the legacy requirements but not found
  #   in the current Python-source import audit.
  
  numpy
  scipy
  open3d
  matplotlib
  pandas
  tqdm
  klampt
  pyfqmr
  shapely
  toppra
Requirement already satisfied: numpy in /isaac-sim/extscache/omni.kit.pip_archive-0.0.0+69cbf6ad.lx64.cp311/pip_prebundle (from -r /workspace/requirements/core.txt (line 15)) (1.26.0)
Requirement already satisfied: scipy in /isaac-sim/exts/omni.pip.compute/pip_prebundle (from -r /workspace/requirements/core.txt (line 16)) (1.15.3)
Collecting open3d (from -r /workspace/requirements/core.txt (line 17))
  Downloading open3d-0.19.0-cp311-cp311-manylinux_2_31_x86_64.whl.metadata (4.3 kB)
Requirement already satisfied: matplotlib in /isaac-sim/exts/omni.isaac.core_archive/pip_prebundle (from -r /workspace/requirements/core.txt (line 18)) (3.10.3)
Collecting pandas (from -r /workspace/requirements/core.txt (line 19))
  Downloading pandas-3.0.5-cp311-cp311-manylinux_2_24_x86_64.manylinux_2_28_x86_64.whl.metadata (79 kB)
Collecting tqdm (from -r /workspace/requirements/core.txt (line 20))
  Downloading tqdm-4.70.0-py3-none-any.whl.metadata (57 kB)
Collecting klampt (from -r /workspace/requirements/core.txt (line 21))
  Downloading klampt-0.10.1.post1-cp311-cp311-manylinux_2_17_x86_64.manylinux2014_x86_64.whl.metadata (1.3 kB)
Collecting pyfqmr (from -r /workspace/requirements/core.txt (line 22))
  Downloading pyfqmr-0.5.0-cp311-cp311-manylinux2014_x86_64.manylinux_2_17_x86_64.whl.metadata (4.9 kB)
Collecting shapely (from -r /workspace/requirements/core.txt (line 23))
  Downloading shapely-2.1.2-cp311-cp311-manylinux2014_x86_64.manylinux_2_17_x86_64.whl.metadata (6.8 kB)
Collecting toppra (from -r /workspace/requirements/core.txt (line 24))
  Downloading toppra-0.6.9-cp311-cp311-manylinux2014_x86_64.manylinux_2_17_x86_64.manylinux_2_28_x86_64.whl.metadata (1.6 kB)
Collecting dash>=2.6.0 (from open3d->-r /workspace/requirements/core.txt (line 17))
  Downloading dash-4.4.1-py3-none-any.whl.metadata (11 kB)
Collecting werkzeug>=3.0.0 (from open3d->-r /workspace/requirements/core.txt (line 17))
  Downloading werkzeug-3.1.8-py3-none-any.whl.metadata (4.0 kB)
Collecting flask>=3.0.0 (from open3d->-r /workspace/requirements/core.txt (line 17))
  Downloading flask-3.1.3-py3-none-any.whl.metadata (3.2 kB)
Collecting nbformat>=5.7.0 (from open3d->-r /workspace/requirements/core.txt (line 17))
  Downloading nbformat-5.10.4-py3-none-any.whl.metadata (3.6 kB)
Collecting configargparse (from open3d->-r /workspace/requirements/core.txt (line 17))
  Downloading configargparse-1.7.5-py3-none-any.whl.metadata (23 kB)
Collecting ipywidgets>=8.0.4 (from open3d->-r /workspace/requirements/core.txt (line 17))
  Downloading ipywidgets-8.1.8-py3-none-any.whl.metadata (2.4 kB)
Collecting addict (from open3d->-r /workspace/requirements/core.txt (line 17))
  Downloading addict-2.4.0-py3-none-any.whl.metadata (1.0 kB)
Requirement already satisfied: pillow>=9.3.0 in /isaac-sim/extscache/omni.kit.pip_archive-0.0.0+69cbf6ad.lx64.cp311/pip_prebundle (from open3d->-r /workspace/requirements/core.txt (line 17)) (11.3.0)
Requirement already satisfied: pyyaml>=5.4.1 in /isaac-sim/exts/omni.pip.compute/pip_prebundle (from open3d->-r /workspace/requirements/core.txt (line 17)) (6.0.2)
Collecting scikit-learn>=0.21 (from open3d->-r /workspace/requirements/core.txt (line 17))
  Downloading scikit_learn-1.9.0-cp311-cp311-manylinux_2_27_x86_64.manylinux_2_28_x86_64.whl.metadata (11 kB)
Collecting pyquaternion (from open3d->-r /workspace/requirements/core.txt (line 17))
  Downloading pyquaternion-0.9.9-py3-none-any.whl.metadata (1.4 kB)
Requirement already satisfied: contourpy>=1.0.1 in /isaac-sim/exts/omni.isaac.core_archive/pip_prebundle (from matplotlib->-r /workspace/requirements/core.txt (line 18)) (1.3.1)
Requirement already satisfied: cycler>=0.10 in /isaac-sim/exts/omni.isaac.core_archive/pip_prebundle (from matplotlib->-r /workspace/requirements/core.txt (line 18)) (0.11.0)
Requirement already satisfied: fonttools>=4.22.0 in /isaac-sim/exts/omni.isaac.core_archive/pip_prebundle (from matplotlib->-r /workspace/requirements/core.txt (line 18)) (4.55.3)
Requirement already satisfied: kiwisolver>=1.3.1 in /isaac-sim/exts/omni.isaac.core_archive/pip_prebundle (from matplotlib->-r /workspace/requirements/core.txt (line 18)) (1.4.4)
Requirement already satisfied: packaging>=20.0 in /isaac-sim/exts/omni.isaac.core_archive/pip_prebundle (from matplotlib->-r /workspace/requirements/core.txt (line 18)) (23.0)
Requirement already satisfied: pyparsing>=2.3.1 in /isaac-sim/exts/omni.isaac.core_archive/pip_prebundle (from matplotlib->-r /workspace/requirements/core.txt (line 18)) (3.0.9)
Requirement already satisfied: python-dateutil>=2.7 in /isaac-sim/exts/omni.isaac.core_archive/pip_prebundle (from matplotlib->-r /workspace/requirements/core.txt (line 18)) (2.9.0.post0)
Collecting plotly>=5.0.0 (from dash>=2.6.0->open3d->-r /workspace/requirements/core.txt (line 17))
  Downloading plotly-6.9.0-py3-none-any.whl.metadata (9.0 kB)
Collecting importlib-metadata (from dash>=2.6.0->open3d->-r /workspace/requirements/core.txt (line 17))
  Downloading importlib_metadata-9.0.0-py3-none-any.whl.metadata (4.5 kB)
Requirement already satisfied: typing_extensions>=4.1.1 in /isaac-sim/extscache/omni.kit.pip_archive-0.0.0+69cbf6ad.lx64.cp311/pip_prebundle (from dash>=2.6.0->open3d->-r /workspace/requirements/core.txt (line 17)) (4.12.2)
Requirement already satisfied: requests in /isaac-sim/exts/omni.pip.cloud/pip_prebundle (from dash>=2.6.0->open3d->-r /workspace/requirements/core.txt (line 17)) (2.32.3)
Collecting retrying (from dash>=2.6.0->open3d->-r /workspace/requirements/core.txt (line 17))
  Downloading retrying-1.4.2-py3-none-any.whl.metadata (5.5 kB)
Requirement already satisfied: nest-asyncio in /isaac-sim/exts/omni.isaac.core_archive/pip_prebundle (from dash>=2.6.0->open3d->-r /workspace/requirements/core.txt (line 17)) (1.5.6)
Requirement already satisfied: setuptools in /isaac-sim/kit/python/lib/python3.11/site-packages (from dash>=2.6.0->open3d->-r /workspace/requirements/core.txt (line 17)) (78.1.1)
Collecting janus>=1.0.0 (from dash>=2.6.0->open3d->-r /workspace/requirements/core.txt (line 17))
  Downloading janus-2.0.0-py3-none-any.whl.metadata (5.3 kB)
Requirement already satisfied: pydantic>=2.10 in /isaac-sim/extscache/omni.kit.pip_archive-0.0.0+69cbf6ad.lx64.cp311/pip_prebundle (from dash>=2.6.0->open3d->-r /workspace/requirements/core.txt (line 17)) (2.11.7)
Collecting comm (from dash>=2.6.0->open3d->-r /workspace/requirements/core.txt (line 17))
  Downloading comm-0.2.3-py3-none-any.whl.metadata (3.7 kB)
Collecting blinker>=1.9.0 (from flask>=3.0.0->open3d->-r /workspace/requirements/core.txt (line 17))
  Downloading blinker-1.9.0-py3-none-any.whl.metadata (1.6 kB)
Requirement already satisfied: click>=8.1.3 in /isaac-sim/extscache/omni.kit.pip_archive-0.0.0+69cbf6ad.lx64.cp311/pip_prebundle (from flask>=3.0.0->open3d->-r /workspace/requirements/core.txt (line 17)) (8.1.7)
Collecting itsdangerous>=2.2.0 (from flask>=3.0.0->open3d->-r /workspace/requirements/core.txt (line 17))
  Downloading itsdangerous-2.2.0-py3-none-any.whl.metadata (1.9 kB)
Requirement already satisfied: jinja2>=3.1.2 in /isaac-sim/extscache/omni.kit.pip_archive-0.0.0+69cbf6ad.lx64.cp311/pip_prebundle (from flask>=3.0.0->open3d->-r /workspace/requirements/core.txt (line 17)) (3.1.6)
Requirement already satisfied: markupsafe>=2.1.1 in /isaac-sim/extscache/omni.kit.pip_archive-0.0.0+69cbf6ad.lx64.cp311/pip_prebundle (from flask>=3.0.0->open3d->-r /workspace/requirements/core.txt (line 17)) (3.0.2)
Collecting ipython>=6.1.0 (from ipywidgets>=8.0.4->open3d->-r /workspace/requirements/core.txt (line 17))
  Downloading ipython-9.15.0-py3-none-any.whl.metadata (4.7 kB)
Collecting traitlets>=4.3.1 (from ipywidgets>=8.0.4->open3d->-r /workspace/requirements/core.txt (line 17))
  Downloading traitlets-5.15.1-py3-none-any.whl.metadata (10 kB)
Collecting widgetsnbextension~=4.0.14 (from ipywidgets>=8.0.4->open3d->-r /workspace/requirements/core.txt (line 17))
  Downloading widgetsnbextension-4.0.15-py3-none-any.whl.metadata (1.6 kB)
Collecting jupyterlab_widgets~=3.0.15 (from ipywidgets>=8.0.4->open3d->-r /workspace/requirements/core.txt (line 17))
  Downloading jupyterlab_widgets-3.0.16-py3-none-any.whl.metadata (20 kB)
Collecting fastjsonschema>=2.15 (from nbformat>=5.7.0->open3d->-r /workspace/requirements/core.txt (line 17))
  Downloading fastjsonschema-2.22.1-py3-none-any.whl.metadata (2.1 kB)
Collecting jsonschema>=2.6 (from nbformat>=5.7.0->open3d->-r /workspace/requirements/core.txt (line 17))
  Downloading jsonschema-4.26.0-py3-none-any.whl.metadata (7.6 kB)
Collecting jupyter-core!=5.0.*,>=4.12 (from nbformat>=5.7.0->open3d->-r /workspace/requirements/core.txt (line 17))
  Downloading jupyter_core-5.9.1-py3-none-any.whl.metadata (1.5 kB)
Requirement already satisfied: six>=1.5 in /isaac-sim/exts/omni.isaac.core_archive/pip_prebundle (from python-dateutil>=2.7->matplotlib->-r /workspace/requirements/core.txt (line 18)) (1.17.0)
Collecting joblib>=1.4.0 (from scikit-learn>=0.21->open3d->-r /workspace/requirements/core.txt (line 17))
  Downloading joblib-1.5.3-py3-none-any.whl.metadata (5.5 kB)
Collecting narwhals>=2.0.1 (from scikit-learn>=0.21->open3d->-r /workspace/requirements/core.txt (line 17))
  Downloading narwhals-2.24.0-py3-none-any.whl.metadata (15 kB)
Collecting threadpoolctl>=3.5.0 (from scikit-learn>=0.21->open3d->-r /workspace/requirements/core.txt (line 17))
  Downloading threadpoolctl-3.6.0-py3-none-any.whl.metadata (13 kB)
Collecting decorator>=5.1.0 (from ipython>=6.1.0->ipywidgets>=8.0.4->open3d->-r /workspace/requirements/core.txt (line 17))
  Downloading decorator-5.3.1-py3-none-any.whl.metadata (3.9 kB)
Collecting ipython-pygments-lexers>=1.0.0 (from ipython>=6.1.0->ipywidgets>=8.0.4->open3d->-r /workspace/requirements/core.txt (line 17))
  Downloading ipython_pygments_lexers-1.1.1-py3-none-any.whl.metadata (1.1 kB)
Collecting jedi>=0.18.2 (from ipython>=6.1.0->ipywidgets>=8.0.4->open3d->-r /workspace/requirements/core.txt (line 17))
  Downloading jedi-0.20.0-py2.py3-none-any.whl.metadata (23 kB)
Collecting matplotlib-inline>=0.1.6 (from ipython>=6.1.0->ipywidgets>=8.0.4->open3d->-r /workspace/requirements/core.txt (line 17))
  Downloading matplotlib_inline-0.2.2-py3-none-any.whl.metadata (2.4 kB)
Collecting pexpect>4.6 (from ipython>=6.1.0->ipywidgets>=8.0.4->open3d->-r /workspace/requirements/core.txt (line 17))
  Downloading pexpect-4.9.0-py2.py3-none-any.whl.metadata (2.5 kB)
Collecting prompt_toolkit<3.1.0,>=3.0.41 (from ipython>=6.1.0->ipywidgets>=8.0.4->open3d->-r /workspace/requirements/core.txt (line 17))
  Downloading prompt_toolkit-3.0.53-py3-none-any.whl.metadata (6.4 kB)
Collecting psutil>=7 (from ipython>=6.1.0->ipywidgets>=8.0.4->open3d->-r /workspace/requirements/core.txt (line 17))
  Downloading psutil-7.2.2-cp36-abi3-manylinux2010_x86_64.manylinux_2_12_x86_64.manylinux_2_28_x86_64.whl.metadata (22 kB)
Collecting pygments>=2.14.0 (from ipython>=6.1.0->ipywidgets>=8.0.4->open3d->-r /workspace/requirements/core.txt (line 17))
  Downloading pygments-2.20.0-py3-none-any.whl.metadata (2.5 kB)
Collecting stack_data>=0.6.0 (from ipython>=6.1.0->ipywidgets>=8.0.4->open3d->-r /workspace/requirements/core.txt (line 17))
  Downloading stack_data-0.6.3-py3-none-any.whl.metadata (18 kB)
Requirement already satisfied: attrs>=22.2.0 in /isaac-sim/extscache/omni.kit.pip_archive-0.0.0+69cbf6ad.lx64.cp311/pip_prebundle (from jsonschema>=2.6->nbformat>=5.7.0->open3d->-r /workspace/requirements/core.txt (line 17)) (25.1.0)
Collecting jsonschema-specifications>=2023.03.6 (from jsonschema>=2.6->nbformat>=5.7.0->open3d->-r /workspace/requirements/core.txt (line 17))
  Downloading jsonschema_specifications-2025.9.1-py3-none-any.whl.metadata (2.9 kB)
Collecting referencing>=0.28.4 (from jsonschema>=2.6->nbformat>=5.7.0->open3d->-r /workspace/requirements/core.txt (line 17))
  Downloading referencing-0.37.0-py3-none-any.whl.metadata (2.8 kB)
Collecting rpds-py>=0.25.0 (from jsonschema>=2.6->nbformat>=5.7.0->open3d->-r /workspace/requirements/core.txt (line 17))
  Downloading rpds_py-2026.6.3-cp311-cp311-manylinux_2_17_x86_64.manylinux2014_x86_64.whl.metadata (4.1 kB)
Collecting platformdirs>=2.5 (from jupyter-core!=5.0.*,>=4.12->nbformat>=5.7.0->open3d->-r /workspace/requirements/core.txt (line 17))
  Downloading platformdirs-4.11.0-py3-none-any.whl.metadata (5.5 kB)
Requirement already satisfied: annotated-types>=0.6.0 in /isaac-sim/extscache/omni.kit.pip_archive-0.0.0+69cbf6ad.lx64.cp311/pip_prebundle (from pydantic>=2.10->dash>=2.6.0->open3d->-r /workspace/requirements/core.txt (line 17)) (0.7.0)
Requirement already satisfied: pydantic-core==2.33.2 in /isaac-sim/extscache/omni.kit.pip_archive-0.0.0+69cbf6ad.lx64.cp311/pip_prebundle (from pydantic>=2.10->dash>=2.6.0->open3d->-r /workspace/requirements/core.txt (line 17)) (2.33.2)
Requirement already satisfied: typing-inspection>=0.4.0 in /isaac-sim/extscache/omni.kit.pip_archive-0.0.0+69cbf6ad.lx64.cp311/pip_prebundle (from pydantic>=2.10->dash>=2.6.0->open3d->-r /workspace/requirements/core.txt (line 17)) (0.4.1)
Collecting zipp>=3.20 (from importlib-metadata->dash>=2.6.0->open3d->-r /workspace/requirements/core.txt (line 17))
  Downloading zipp-4.1.0-py3-none-any.whl.metadata (3.6 kB)
Requirement already satisfied: charset-normalizer<4,>=2 in /isaac-sim/extscache/omni.kit.pip_archive-0.0.0+69cbf6ad.lx64.cp311/pip_prebundle (from requests->dash>=2.6.0->open3d->-r /workspace/requirements/core.txt (line 17)) (3.3.2)
Requirement already satisfied: idna<4,>=2.5 in /isaac-sim/extscache/omni.kit.pip_archive-0.0.0+69cbf6ad.lx64.cp311/pip_prebundle (from requests->dash>=2.6.0->open3d->-r /workspace/requirements/core.txt (line 17)) (3.10)
Requirement already satisfied: urllib3<3,>=1.21.1 in /isaac-sim/extscache/omni.kit.pip_archive-0.0.0+69cbf6ad.lx64.cp311/pip_prebundle (from requests->dash>=2.6.0->open3d->-r /workspace/requirements/core.txt (line 17)) (2.5.0)
Requirement already satisfied: certifi>=2017.4.17 in /isaac-sim/extscache/omni.kit.pip_archive-0.0.0+69cbf6ad.lx64.cp311/pip_prebundle (from requests->dash>=2.6.0->open3d->-r /workspace/requirements/core.txt (line 17)) (2025.7.14)
Collecting parso<0.9.0,>=0.8.6 (from jedi>=0.18.2->ipython>=6.1.0->ipywidgets>=8.0.4->open3d->-r /workspace/requirements/core.txt (line 17))
  Downloading parso-0.8.7-py2.py3-none-any.whl.metadata (8.2 kB)
Collecting ptyprocess>=0.5 (from pexpect>4.6->ipython>=6.1.0->ipywidgets>=8.0.4->open3d->-r /workspace/requirements/core.txt (line 17))
  Downloading ptyprocess-0.7.0-py2.py3-none-any.whl.metadata (1.3 kB)
Collecting wcwidth>=0.1.4 (from prompt_toolkit<3.1.0,>=3.0.41->ipython>=6.1.0->ipywidgets>=8.0.4->open3d->-r /workspace/requirements/core.txt (line 17))
  Downloading wcwidth-0.8.2-py3-none-any.whl.metadata (43 kB)
Collecting executing>=1.2.0 (from stack_data>=0.6.0->ipython>=6.1.0->ipywidgets>=8.0.4->open3d->-r /workspace/requirements/core.txt (line 17))
  Downloading executing-2.2.1-py2.py3-none-any.whl.metadata (8.9 kB)
Collecting asttokens>=2.1.0 (from stack_data>=0.6.0->ipython>=6.1.0->ipywidgets>=8.0.4->open3d->-r /workspace/requirements/core.txt (line 17))
  Downloading asttokens-3.0.2-py3-none-any.whl.metadata (5.7 kB)
Collecting pure-eval (from stack_data>=0.6.0->ipython>=6.1.0->ipywidgets>=8.0.4->open3d->-r /workspace/requirements/core.txt (line 17))
  Downloading pure_eval-0.2.3-py3-none-any.whl.metadata (6.3 kB)
Downloading open3d-0.19.0-cp311-cp311-manylinux_2_31_x86_64.whl (447.7 MB)
   ━━━━━━━━━━━━━━━━━━━━━━━━━━━━━━━━━━━━━━━━ 447.7/447.7 MB 60.1 MB/s eta 0:00:00
Downloading pandas-3.0.5-cp311-cp311-manylinux_2_24_x86_64.manylinux_2_28_x86_64.whl (11.3 MB)
   ━━━━━━━━━━━━━━━━━━━━━━━━━━━━━━━━━━━━━━━━ 11.3/11.3 MB 57.8 MB/s eta 0:00:00
Downloading tqdm-4.70.0-py3-none-any.whl (80 kB)
Downloading klampt-0.10.1.post1-cp311-cp311-manylinux_2_17_x86_64.manylinux2014_x86_64.whl (24.6 MB)
   ━━━━━━━━━━━━━━━━━━━━━━━━━━━━━━━━━━━━━━━━ 24.6/24.6 MB 44.4 MB/s eta 0:00:00
Downloading pyfqmr-0.5.0-cp311-cp311-manylinux2014_x86_64.manylinux_2_17_x86_64.whl (915 kB)
   ━━━━━━━━━━━━━━━━━━━━━━━━━━━━━━━━━━━━━━━━ 915.2/915.2 kB 57.6 MB/s eta 0:00:00
Downloading shapely-2.1.2-cp311-cp311-manylinux2014_x86_64.manylinux_2_17_x86_64.whl (3.1 MB)
   ━━━━━━━━━━━━━━━━━━━━━━━━━━━━━━━━━━━━━━━━ 3.1/3.1 MB 57.0 MB/s eta 0:00:00
Downloading toppra-0.6.9-cp311-cp311-manylinux2014_x86_64.manylinux_2_17_x86_64.manylinux_2_28_x86_64.whl (810 kB)
   ━━━━━━━━━━━━━━━━━━━━━━━━━━━━━━━━━━━━━━━━ 810.2/810.2 kB 59.0 MB/s eta 0:00:00
Downloading dash-4.4.1-py3-none-any.whl (8.9 MB)
   ━━━━━━━━━━━━━━━━━━━━━━━━━━━━━━━━━━━━━━━━ 8.9/8.9 MB 64.7 MB/s eta 0:00:00
Downloading flask-3.1.3-py3-none-any.whl (103 kB)
Downloading ipywidgets-8.1.8-py3-none-any.whl (139 kB)
Downloading nbformat-5.10.4-py3-none-any.whl (78 kB)
Downloading scikit_learn-1.9.0-cp311-cp311-manylinux_2_27_x86_64.manylinux_2_28_x86_64.whl (9.3 MB)
   ━━━━━━━━━━━━━━━━━━━━━━━━━━━━━━━━━━━━━━━━ 9.3/9.3 MB 56.0 MB/s eta 0:00:00
Downloading werkzeug-3.1.8-py3-none-any.whl (226 kB)
Downloading addict-2.4.0-py3-none-any.whl (3.8 kB)
Downloading configargparse-1.7.5-py3-none-any.whl (27 kB)
Downloading pyquaternion-0.9.9-py3-none-any.whl (14 kB)
Downloading blinker-1.9.0-py3-none-any.whl (8.5 kB)
Downloading comm-0.2.3-py3-none-any.whl (7.3 kB)
Downloading fastjsonschema-2.22.1-py3-none-any.whl (26 kB)
Downloading ipython-9.15.0-py3-none-any.whl (630 kB)
   ━━━━━━━━━━━━━━━━━━━━━━━━━━━━━━━━━━━━━━━━ 630.9/630.9 kB 37.8 MB/s eta 0:00:00
Downloading itsdangerous-2.2.0-py3-none-any.whl (16 kB)
Downloading janus-2.0.0-py3-none-any.whl (12 kB)
Downloading joblib-1.5.3-py3-none-any.whl (309 kB)
Downloading jsonschema-4.26.0-py3-none-any.whl (90 kB)
Downloading jupyter_core-5.9.1-py3-none-any.whl (29 kB)
Downloading jupyterlab_widgets-3.0.16-py3-none-any.whl (914 kB)
   ━━━━━━━━━━━━━━━━━━━━━━━━━━━━━━━━━━━━━━━━ 914.9/914.9 kB 46.1 MB/s eta 0:00:00
Downloading narwhals-2.24.0-py3-none-any.whl (461 kB)
Downloading plotly-6.9.0-py3-none-any.whl (9.9 MB)
   ━━━━━━━━━━━━━━━━━━━━━━━━━━━━━━━━━━━━━━━━ 9.9/9.9 MB 66.7 MB/s eta 0:00:00
Downloading threadpoolctl-3.6.0-py3-none-any.whl (18 kB)
Downloading traitlets-5.15.1-py3-none-any.whl (85 kB)
Downloading widgetsnbextension-4.0.15-py3-none-any.whl (2.2 MB)
   ━━━━━━━━━━━━━━━━━━━━━━━━━━━━━━━━━━━━━━━━ 2.2/2.2 MB 62.8 MB/s eta 0:00:00
Downloading importlib_metadata-9.0.0-py3-none-any.whl (27 kB)
Downloading retrying-1.4.2-py3-none-any.whl (10 kB)
Downloading decorator-5.3.1-py3-none-any.whl (10 kB)
Downloading ipython_pygments_lexers-1.1.1-py3-none-any.whl (8.1 kB)
Downloading jedi-0.20.0-py2.py3-none-any.whl (4.9 MB)
   ━━━━━━━━━━━━━━━━━━━━━━━━━━━━━━━━━━━━━━━━ 4.9/4.9 MB 62.3 MB/s eta 0:00:00
Downloading jsonschema_specifications-2025.9.1-py3-none-any.whl (18 kB)
Downloading matplotlib_inline-0.2.2-py3-none-any.whl (9.5 kB)
Downloading pexpect-4.9.0-py2.py3-none-any.whl (63 kB)
Downloading platformdirs-4.11.0-py3-none-any.whl (23 kB)
Downloading prompt_toolkit-3.0.53-py3-none-any.whl (392 kB)
Downloading psutil-7.2.2-cp36-abi3-manylinux2010_x86_64.manylinux_2_12_x86_64.manylinux_2_28_x86_64.whl (155 kB)
Downloading pygments-2.20.0-py3-none-any.whl (1.2 MB)
   ━━━━━━━━━━━━━━━━━━━━━━━━━━━━━━━━━━━━━━━━ 1.2/1.2 MB 46.8 MB/s eta 0:00:00
Downloading referencing-0.37.0-py3-none-any.whl (26 kB)
Downloading rpds_py-2026.6.3-cp311-cp311-manylinux_2_17_x86_64.manylinux2014_x86_64.whl (371 kB)
Downloading stack_data-0.6.3-py3-none-any.whl (24 kB)
Downloading zipp-4.1.0-py3-none-any.whl (10 kB)
Downloading asttokens-3.0.2-py3-none-any.whl (28 kB)
Downloading executing-2.2.1-py2.py3-none-any.whl (28 kB)
Downloading parso-0.8.7-py2.py3-none-any.whl (107 kB)
Downloading ptyprocess-0.7.0-py2.py3-none-any.whl (13 kB)
Downloading wcwidth-0.8.2-py3-none-any.whl (323 kB)
Downloading pure_eval-0.2.3-py3-none-any.whl (11 kB)
Installing collected packages: pure-eval, ptyprocess, addict, zipp, widgetsnbextension, werkzeug, wcwidth, traitlets, tqdm, threadpoolctl, shapely, rpds-py, retrying, pyquaternion, pygments, pyfqmr, psutil, platformdirs, pexpect, parso, narwhals, klampt, jupyterlab_widgets, joblib, janus, itsdangerous, fastjsonschema, executing, decorator, configargparse, comm, blinker, asttokens, stack_data, scikit-learn, referencing, prompt_toolkit, plotly, pandas, matplotlib-inline, jupyter-core, jedi, ipython-pygments-lexers, importlib-metadata, flask, toppra, jsonschema-specifications, ipython, dash, jsonschema, ipywidgets, nbformat, open3d
  Attempting uninstall: psutil
    Found existing installation: psutil 5.9.8
    Uninstalling psutil-5.9.8:
      Successfully uninstalled psutil-5.9.8
ERROR: pip's dependency resolver does not currently take into account all the packages that are installed. This behaviour is the source of the following dependency conflicts.
nvidia-srl-usd 2.0.0 requires usd-core<26.0,>=25.2.post1; python_version >= "3.11", which is not installed.
Successfully installed addict-2.4.0 asttokens-3.0.2 blinker-1.9.0 comm-0.2.3 configargparse-1.7.5 dash-4.4.1 decorator-5.3.1 executing-2.2.1 fastjsonschema-2.22.1 flask-3.1.3 importlib-metadata-9.0.0 ipython-9.15.0 ipython-pygments-lexers-1.1.1 ipywidgets-8.1.8 itsdangerous-2.2.0 janus-2.0.0 jedi-0.20.0 joblib-1.5.3 jsonschema-4.26.0 jsonschema-specifications-2025.9.1 jupyter-core-5.9.1 jupyterlab_widgets-3.0.16 klampt-0.10.1.post1 matplotlib-inline-0.2.2 narwhals-2.24.0 nbformat-5.10.4 open3d-0.19.0 pandas-3.0.5 parso-0.8.7 pexpect-4.9.0 platformdirs-4.11.0 plotly-6.9.0 prompt_toolkit-3.0.53 psutil-7.2.2 ptyprocess-0.7.0 pure-eval-0.2.3 pyfqmr-0.5.0 pygments-2.20.0 pyquaternion-0.9.9 referencing-0.37.0 retrying-1.4.2 rpds-py-2026.6.3 scikit-learn-1.9.0 shapely-2.1.2 stack_data-0.6.3 threadpoolctl-3.6.0 toppra-0.6.9 tqdm-4.70.0 traitlets-5.15.1 wcwidth-0.8.2 werkzeug-3.1.8 widgetsnbextension-4.0.15 zipp-4.1.0
WARNING: Running pip as the 'root' user can result in broken permissions and conflicting behaviour with the system package manager, possibly rendering your system unusable.It is recommended to use a virtual environment instead: https://pip.pypa.io/warnings/venv. Use the --root-user-action option if you know what you are doing and want to suppress this warning.

Validating imports...
  [PASS] open3d       0.19.0
  [PASS] pandas       3.0.5
  [PASS] tqdm         4.70.0
  [PASS] klampt       0.10.1
  [PASS] pyfqmr       <no __version__>
  [PASS] shapely      2.1.2
  [PASS] toppra       <no __version__>

Python core dependencies: PASS

[PASS] UniP Python core dependencies installed.
