Cloning into '/workspace/external/curobo'...
[install_curobo.sh] Installing pinned cuRobo runtime dependencies...
Collecting warp-lang==1.15.0 (from -r /workspace/requirements/curobo.txt (line 1))
  Downloading warp_lang-1.15.0-py3-none-manylinux_2_28_x86_64.whl.metadata (23 kB)
Collecting yourdfpy==0.0.60 (from -r /workspace/requirements/curobo.txt (line 2))
  Downloading yourdfpy-0.0.60-py3-none-any.whl.metadata (9.0 kB)
Downloading warp_lang-1.15.0-py3-none-manylinux_2_28_x86_64.whl (166.7 MB)
   ━━━━━━━━━━━━━━━━━━━━━━━━━━━━━━━━━━━━━━━━ 166.7/166.7 MB 60.5 MB/s eta 0:00:00
Downloading yourdfpy-0.0.60-py3-none-any.whl (22 kB)
Installing collected packages: yourdfpy, warp-lang
Successfully installed warp-lang-1.15.0 yourdfpy-0.0.60
WARNING: Running pip as the 'root' user can result in broken permissions and conflicting behaviour with the system package manager, possibly rendering your system unusable.It is recommended to use a virtual environment instead: https://pip.pypa.io/warnings/venv. Use the --root-user-action option if you know what you are doing and want to suppress this warning.
[install_curobo.sh] TORCH_CUDA_ARCH_LIST=8.6
[install_curobo.sh] Installing pinned cuRobo revision...
Obtaining file:///workspace/external/curobo
  Checking if build backend supports build_editable: started
  Checking if build backend supports build_editable: finished with status 'done'
  Preparing editable metadata (pyproject.toml): started
  Preparing editable metadata (pyproject.toml): finished with status 'done'
Building wheels for collected packages: nvidia_curobo
  Building editable for nvidia_curobo (pyproject.toml): started
  Building editable for nvidia_curobo (pyproject.toml): still running...
  Building editable for nvidia_curobo (pyproject.toml): still running...
  Building editable for nvidia_curobo (pyproject.toml): still running...
  Building editable for nvidia_curobo (pyproject.toml): finished with status 'done'
  Created wheel for nvidia_curobo: filename=nvidia_curobo-0.0.post1.dev66-0.editable-cp311-cp311-linux_x86_64.whl size=5755 sha256=7c406d001bcd3590121b7509df4bc1b8610c8a9d820ad6a593f0f7399b017881
  Stored in directory: /tmp/pip-ephem-wheel-cache-qzbhh9ta/wheels/1b/bb/84/5853965bd7dc64b343a9407f3002ce5ef42b97ea7bb6507b7b
Successfully built nvidia_curobo
Installing collected packages: nvidia_curobo
Successfully installed nvidia_curobo-0.0.post1.dev66
WARNING: Running pip as the 'root' user can result in broken permissions and conflicting behaviour with the system package manager, possibly rendering your system unusable.It is recommended to use a virtual environment instead: https://pip.pypa.io/warnings/venv. Use the --root-user-action option if you know what you are doing and want to suppress this warning.
[install_curobo.sh] PASS: cuRobo installed with Isaac Python.
