========================================================================
Install UniP Python Core Dependencies
========================================================================
Python runtime:
  version   : 3.11.13
  executable: /isaac-sim/kit/python/bin/python3

Installing:
  # UniP baseline Python dependencies
  #
  # Scope:
  # - Confirmed by static import audit of the current UniP repository.
  # - Only packages suitable for normal pip ownership are listed here.
  #
  # Intentionally excluded:
  # - torch: version must be chosen together with CUDA/cuRobo compatibility.
  # - curobo: installed from the pinned BennoWingender/curobo source revision.
  # - cv2/opencv: ownership must first be checked against Isaac/ROS system OpenCV.
  # - ROS Python packages: owned by ROS/package.xml/rosdep.
  # - trimesh, numpy-quaternion: present in the legacy requirements but not found
  #   in the current Python-source import audit.
  
  numpy
  scipy
  open3d
  matplotlib
  pandas
  tqdm
  klampt
  pyfqmr
  shapely
  toppra
Requirement already satisfied: numpy in /isaac-sim/extscache/omni.kit.pip_archive-0.0.0+69cbf6ad.lx64.cp311/pip_prebundle (from -r /workspace/requirements/core.txt (line 15)) (1.26.0)
Requirement already satisfied: scipy in /isaac-sim/exts/omni.pip.compute/pip_prebundle (from -r /workspace/requirements/core.txt (line 16)) (1.15.3)
Requirement already satisfied: open3d in /isaac-sim/kit/python/lib/python3.11/site-packages (from -r /workspace/requirements/core.txt (line 17)) (0.19.0)
Requirement already satisfied: matplotlib in /isaac-sim/exts/omni.isaac.core_archive/pip_prebundle (from -r /workspace/requirements/core.txt (line 18)) (3.10.3)
Requirement already satisfied: pandas in /isaac-sim/kit/python/lib/python3.11/site-packages (from -r /workspace/requirements/core.txt (line 19)) (3.0.5)
Requirement already satisfied: tqdm in /isaac-sim/kit/python/lib/python3.11/site-packages (from -r /workspace/requirements/core.txt (line 20)) (4.70.0)
Requirement already satisfied: klampt in /isaac-sim/kit/python/lib/python3.11/site-packages (from -r /workspace/requirements/core.txt (line 21)) (0.10.1.post1)
Requirement already satisfied: pyfqmr in /isaac-sim/kit/python/lib/python3.11/site-packages (from -r /workspace/requirements/core.txt (line 22)) (0.5.0)
Requirement already satisfied: shapely in /isaac-sim/kit/python/lib/python3.11/site-packages (from -r /workspace/requirements/core.txt (line 23)) (2.1.2)
Requirement already satisfied: toppra in /isaac-sim/kit/python/lib/python3.11/site-packages (from -r /workspace/requirements/core.txt (line 24)) (0.6.9)
Requirement already satisfied: dash>=2.6.0 in /isaac-sim/kit/python/lib/python3.11/site-packages (from open3d->-r /workspace/requirements/core.txt (line 17)) (4.4.1)
Requirement already satisfied: werkzeug>=3.0.0 in /isaac-sim/kit/python/lib/python3.11/site-packages (from open3d->-r /workspace/requirements/core.txt (line 17)) (3.1.8)
Requirement already satisfied: flask>=3.0.0 in /isaac-sim/kit/python/lib/python3.11/site-packages (from open3d->-r /workspace/requirements/core.txt (line 17)) (3.1.3)
Requirement already satisfied: nbformat>=5.7.0 in /isaac-sim/kit/python/lib/python3.11/site-packages (from open3d->-r /workspace/requirements/core.txt (line 17)) (5.10.4)
Requirement already satisfied: configargparse in /isaac-sim/kit/python/lib/python3.11/site-packages (from open3d->-r /workspace/requirements/core.txt (line 17)) (1.7.5)
Requirement already satisfied: ipywidgets>=8.0.4 in /isaac-sim/kit/python/lib/python3.11/site-packages (from open3d->-r /workspace/requirements/core.txt (line 17)) (8.1.8)
Requirement already satisfied: addict in /isaac-sim/kit/python/lib/python3.11/site-packages (from open3d->-r /workspace/requirements/core.txt (line 17)) (2.4.0)
Requirement already satisfied: pillow>=9.3.0 in /isaac-sim/extscache/omni.kit.pip_archive-0.0.0+69cbf6ad.lx64.cp311/pip_prebundle (from open3d->-r /workspace/requirements/core.txt (line 17)) (11.3.0)
Requirement already satisfied: pyyaml>=5.4.1 in /isaac-sim/exts/omni.pip.compute/pip_prebundle (from open3d->-r /workspace/requirements/core.txt (line 17)) (6.0.2)
Requirement already satisfied: scikit-learn>=0.21 in /isaac-sim/kit/python/lib/python3.11/site-packages (from open3d->-r /workspace/requirements/core.txt (line 17)) (1.9.0)
Requirement already satisfied: pyquaternion in /isaac-sim/kit/python/lib/python3.11/site-packages (from open3d->-r /workspace/requirements/core.txt (line 17)) (0.9.9)
Requirement already satisfied: contourpy>=1.0.1 in /isaac-sim/exts/omni.isaac.core_archive/pip_prebundle (from matplotlib->-r /workspace/requirements/core.txt (line 18)) (1.3.1)
Requirement already satisfied: cycler>=0.10 in /isaac-sim/exts/omni.isaac.core_archive/pip_prebundle (from matplotlib->-r /workspace/requirements/core.txt (line 18)) (0.11.0)
Requirement already satisfied: fonttools>=4.22.0 in /isaac-sim/exts/omni.isaac.core_archive/pip_prebundle (from matplotlib->-r /workspace/requirements/core.txt (line 18)) (4.55.3)
Requirement already satisfied: kiwisolver>=1.3.1 in /isaac-sim/exts/omni.isaac.core_archive/pip_prebundle (from matplotlib->-r /workspace/requirements/core.txt (line 18)) (1.4.4)
Requirement already satisfied: packaging>=20.0 in /isaac-sim/exts/omni.isaac.core_archive/pip_prebundle (from matplotlib->-r /workspace/requirements/core.txt (line 18)) (23.0)
Requirement already satisfied: pyparsing>=2.3.1 in /isaac-sim/exts/omni.isaac.core_archive/pip_prebundle (from matplotlib->-r /workspace/requirements/core.txt (line 18)) (3.0.9)
Requirement already satisfied: python-dateutil>=2.7 in /isaac-sim/exts/omni.isaac.core_archive/pip_prebundle (from matplotlib->-r /workspace/requirements/core.txt (line 18)) (2.9.0.post0)
Requirement already satisfied: plotly>=5.0.0 in /isaac-sim/kit/python/lib/python3.11/site-packages (from dash>=2.6.0->open3d->-r /workspace/requirements/core.txt (line 17)) (6.9.0)
Requirement already satisfied: importlib-metadata in /isaac-sim/kit/python/lib/python3.11/site-packages (from dash>=2.6.0->open3d->-r /workspace/requirements/core.txt (line 17)) (9.0.0)
Requirement already satisfied: typing_extensions>=4.1.1 in /isaac-sim/extscache/omni.kit.pip_archive-0.0.0+69cbf6ad.lx64.cp311/pip_prebundle (from dash>=2.6.0->open3d->-r /workspace/requirements/core.txt (line 17)) (4.12.2)
Requirement already satisfied: requests in /isaac-sim/exts/omni.pip.cloud/pip_prebundle (from dash>=2.6.0->open3d->-r /workspace/requirements/core.txt (line 17)) (2.32.3)
Requirement already satisfied: retrying in /isaac-sim/kit/python/lib/python3.11/site-packages (from dash>=2.6.0->open3d->-r /workspace/requirements/core.txt (line 17)) (1.4.2)
Requirement already satisfied: nest-asyncio in /isaac-sim/exts/omni.isaac.core_archive/pip_prebundle (from dash>=2.6.0->open3d->-r /workspace/requirements/core.txt (line 17)) (1.5.6)
Requirement already satisfied: setuptools in /isaac-sim/kit/python/lib/python3.11/site-packages (from dash>=2.6.0->open3d->-r /workspace/requirements/core.txt (line 17)) (78.1.1)
Requirement already satisfied: janus>=1.0.0 in /isaac-sim/kit/python/lib/python3.11/site-packages (from dash>=2.6.0->open3d->-r /workspace/requirements/core.txt (line 17)) (2.0.0)
Requirement already satisfied: pydantic>=2.10 in /isaac-sim/extscache/omni.kit.pip_archive-0.0.0+69cbf6ad.lx64.cp311/pip_prebundle (from dash>=2.6.0->open3d->-r /workspace/requirements/core.txt (line 17)) (2.11.7)
Requirement already satisfied: comm in /isaac-sim/kit/python/lib/python3.11/site-packages (from dash>=2.6.0->open3d->-r /workspace/requirements/core.txt (line 17)) (0.2.3)
Requirement already satisfied: blinker>=1.9.0 in /isaac-sim/kit/python/lib/python3.11/site-packages (from flask>=3.0.0->open3d->-r /workspace/requirements/core.txt (line 17)) (1.9.0)
Requirement already satisfied: click>=8.1.3 in /isaac-sim/extscache/omni.kit.pip_archive-0.0.0+69cbf6ad.lx64.cp311/pip_prebundle (from flask>=3.0.0->open3d->-r /workspace/requirements/core.txt (line 17)) (8.1.7)
Requirement already satisfied: itsdangerous>=2.2.0 in /isaac-sim/kit/python/lib/python3.11/site-packages (from flask>=3.0.0->open3d->-r /workspace/requirements/core.txt (line 17)) (2.2.0)
Requirement already satisfied: jinja2>=3.1.2 in /isaac-sim/extscache/omni.kit.pip_archive-0.0.0+69cbf6ad.lx64.cp311/pip_prebundle (from flask>=3.0.0->open3d->-r /workspace/requirements/core.txt (line 17)) (3.1.6)
Requirement already satisfied: markupsafe>=2.1.1 in /isaac-sim/extscache/omni.kit.pip_archive-0.0.0+69cbf6ad.lx64.cp311/pip_prebundle (from flask>=3.0.0->open3d->-r /workspace/requirements/core.txt (line 17)) (3.0.2)
Requirement already satisfied: ipython>=6.1.0 in /isaac-sim/kit/python/lib/python3.11/site-packages (from ipywidgets>=8.0.4->open3d->-r /workspace/requirements/core.txt (line 17)) (9.15.0)
Requirement already satisfied: traitlets>=4.3.1 in /isaac-sim/kit/python/lib/python3.11/site-packages (from ipywidgets>=8.0.4->open3d->-r /workspace/requirements/core.txt (line 17)) (5.15.1)
Requirement already satisfied: widgetsnbextension~=4.0.14 in /isaac-sim/kit/python/lib/python3.11/site-packages (from ipywidgets>=8.0.4->open3d->-r /workspace/requirements/core.txt (line 17)) (4.0.15)
Requirement already satisfied: jupyterlab_widgets~=3.0.15 in /isaac-sim/kit/python/lib/python3.11/site-packages (from ipywidgets>=8.0.4->open3d->-r /workspace/requirements/core.txt (line 17)) (3.0.16)
Requirement already satisfied: fastjsonschema>=2.15 in /isaac-sim/kit/python/lib/python3.11/site-packages (from nbformat>=5.7.0->open3d->-r /workspace/requirements/core.txt (line 17)) (2.22.1)
Requirement already satisfied: jsonschema>=2.6 in /isaac-sim/kit/python/lib/python3.11/site-packages (from nbformat>=5.7.0->open3d->-r /workspace/requirements/core.txt (line 17)) (4.26.0)
Requirement already satisfied: jupyter-core!=5.0.*,>=4.12 in /isaac-sim/kit/python/lib/python3.11/site-packages (from nbformat>=5.7.0->open3d->-r /workspace/requirements/core.txt (line 17)) (5.9.1)
Requirement already satisfied: six>=1.5 in /isaac-sim/exts/omni.isaac.core_archive/pip_prebundle (from python-dateutil>=2.7->matplotlib->-r /workspace/requirements/core.txt (line 18)) (1.17.0)
Requirement already satisfied: joblib>=1.4.0 in /isaac-sim/kit/python/lib/python3.11/site-packages (from scikit-learn>=0.21->open3d->-r /workspace/requirements/core.txt (line 17)) (1.5.3)
Requirement already satisfied: narwhals>=2.0.1 in /isaac-sim/kit/python/lib/python3.11/site-packages (from scikit-learn>=0.21->open3d->-r /workspace/requirements/core.txt (line 17)) (2.24.0)
Requirement already satisfied: threadpoolctl>=3.5.0 in /isaac-sim/kit/python/lib/python3.11/site-packages (from scikit-learn>=0.21->open3d->-r /workspace/requirements/core.txt (line 17)) (3.6.0)
Requirement already satisfied: decorator>=5.1.0 in /isaac-sim/kit/python/lib/python3.11/site-packages (from ipython>=6.1.0->ipywidgets>=8.0.4->open3d->-r /workspace/requirements/core.txt (line 17)) (5.3.1)
Requirement already satisfied: ipython-pygments-lexers>=1.0.0 in /isaac-sim/kit/python/lib/python3.11/site-packages (from ipython>=6.1.0->ipywidgets>=8.0.4->open3d->-r /workspace/requirements/core.txt (line 17)) (1.1.1)
Requirement already satisfied: jedi>=0.18.2 in /isaac-sim/kit/python/lib/python3.11/site-packages (from ipython>=6.1.0->ipywidgets>=8.0.4->open3d->-r /workspace/requirements/core.txt (line 17)) (0.20.0)
Requirement already satisfied: matplotlib-inline>=0.1.6 in /isaac-sim/kit/python/lib/python3.11/site-packages (from ipython>=6.1.0->ipywidgets>=8.0.4->open3d->-r /workspace/requirements/core.txt (line 17)) (0.2.2)
Requirement already satisfied: pexpect>4.6 in /isaac-sim/kit/python/lib/python3.11/site-packages (from ipython>=6.1.0->ipywidgets>=8.0.4->open3d->-r /workspace/requirements/core.txt (line 17)) (4.9.0)
Requirement already satisfied: prompt_toolkit<3.1.0,>=3.0.41 in /isaac-sim/kit/python/lib/python3.11/site-packages (from ipython>=6.1.0->ipywidgets>=8.0.4->open3d->-r /workspace/requirements/core.txt (line 17)) (3.0.53)
Requirement already satisfied: psutil>=7 in /isaac-sim/kit/python/lib/python3.11/site-packages (from ipython>=6.1.0->ipywidgets>=8.0.4->open3d->-r /workspace/requirements/core.txt (line 17)) (7.2.2)
Requirement already satisfied: pygments>=2.14.0 in /isaac-sim/kit/python/lib/python3.11/site-packages (from ipython>=6.1.0->ipywidgets>=8.0.4->open3d->-r /workspace/requirements/core.txt (line 17)) (2.20.0)
Requirement already satisfied: stack_data>=0.6.0 in /isaac-sim/kit/python/lib/python3.11/site-packages (from ipython>=6.1.0->ipywidgets>=8.0.4->open3d->-r /workspace/requirements/core.txt (line 17)) (0.6.3)
Requirement already satisfied: attrs>=22.2.0 in /isaac-sim/extscache/omni.kit.pip_archive-0.0.0+69cbf6ad.lx64.cp311/pip_prebundle (from jsonschema>=2.6->nbformat>=5.7.0->open3d->-r /workspace/requirements/core.txt (line 17)) (25.1.0)
Requirement already satisfied: jsonschema-specifications>=2023.03.6 in /isaac-sim/kit/python/lib/python3.11/site-packages (from jsonschema>=2.6->nbformat>=5.7.0->open3d->-r /workspace/requirements/core.txt (line 17)) (2025.9.1)
Requirement already satisfied: referencing>=0.28.4 in /isaac-sim/kit/python/lib/python3.11/site-packages (from jsonschema>=2.6->nbformat>=5.7.0->open3d->-r /workspace/requirements/core.txt (line 17)) (0.37.0)
Requirement already satisfied: rpds-py>=0.25.0 in /isaac-sim/kit/python/lib/python3.11/site-packages (from jsonschema>=2.6->nbformat>=5.7.0->open3d->-r /workspace/requirements/core.txt (line 17)) (2026.6.3)
Requirement already satisfied: platformdirs>=2.5 in /isaac-sim/kit/python/lib/python3.11/site-packages (from jupyter-core!=5.0.*,>=4.12->nbformat>=5.7.0->open3d->-r /workspace/requirements/core.txt (line 17)) (4.11.0)
Requirement already satisfied: annotated-types>=0.6.0 in /isaac-sim/extscache/omni.kit.pip_archive-0.0.0+69cbf6ad.lx64.cp311/pip_prebundle (from pydantic>=2.10->dash>=2.6.0->open3d->-r /workspace/requirements/core.txt (line 17)) (0.7.0)
Requirement already satisfied: pydantic-core==2.33.2 in /isaac-sim/extscache/omni.kit.pip_archive-0.0.0+69cbf6ad.lx64.cp311/pip_prebundle (from pydantic>=2.10->dash>=2.6.0->open3d->-r /workspace/requirements/core.txt (line 17)) (2.33.2)
Requirement already satisfied: typing-inspection>=0.4.0 in /isaac-sim/extscache/omni.kit.pip_archive-0.0.0+69cbf6ad.lx64.cp311/pip_prebundle (from pydantic>=2.10->dash>=2.6.0->open3d->-r /workspace/requirements/core.txt (line 17)) (0.4.1)
Requirement already satisfied: zipp>=3.20 in /isaac-sim/kit/python/lib/python3.11/site-packages (from importlib-metadata->dash>=2.6.0->open3d->-r /workspace/requirements/core.txt (line 17)) (4.1.0)
Requirement already satisfied: charset-normalizer<4,>=2 in /isaac-sim/extscache/omni.kit.pip_archive-0.0.0+69cbf6ad.lx64.cp311/pip_prebundle (from requests->dash>=2.6.0->open3d->-r /workspace/requirements/core.txt (line 17)) (3.3.2)
Requirement already satisfied: idna<4,>=2.5 in /isaac-sim/extscache/omni.kit.pip_archive-0.0.0+69cbf6ad.lx64.cp311/pip_prebundle (from requests->dash>=2.6.0->open3d->-r /workspace/requirements/core.txt (line 17)) (3.10)
Requirement already satisfied: urllib3<3,>=1.21.1 in /isaac-sim/extscache/omni.kit.pip_archive-0.0.0+69cbf6ad.lx64.cp311/pip_prebundle (from requests->dash>=2.6.0->open3d->-r /workspace/requirements/core.txt (line 17)) (2.5.0)
Requirement already satisfied: certifi>=2017.4.17 in /isaac-sim/extscache/omni.kit.pip_archive-0.0.0+69cbf6ad.lx64.cp311/pip_prebundle (from requests->dash>=2.6.0->open3d->-r /workspace/requirements/core.txt (line 17)) (2025.7.14)
Requirement already satisfied: parso<0.9.0,>=0.8.6 in /isaac-sim/kit/python/lib/python3.11/site-packages (from jedi>=0.18.2->ipython>=6.1.0->ipywidgets>=8.0.4->open3d->-r /workspace/requirements/core.txt (line 17)) (0.8.7)
Requirement already satisfied: ptyprocess>=0.5 in /isaac-sim/kit/python/lib/python3.11/site-packages (from pexpect>4.6->ipython>=6.1.0->ipywidgets>=8.0.4->open3d->-r /workspace/requirements/core.txt (line 17)) (0.7.0)
Requirement already satisfied: wcwidth>=0.1.4 in /isaac-sim/kit/python/lib/python3.11/site-packages (from prompt_toolkit<3.1.0,>=3.0.41->ipython>=6.1.0->ipywidgets>=8.0.4->open3d->-r /workspace/requirements/core.txt (line 17)) (0.8.2)
Requirement already satisfied: executing>=1.2.0 in /isaac-sim/kit/python/lib/python3.11/site-packages (from stack_data>=0.6.0->ipython>=6.1.0->ipywidgets>=8.0.4->open3d->-r /workspace/requirements/core.txt (line 17)) (2.2.1)
Requirement already satisfied: asttokens>=2.1.0 in /isaac-sim/kit/python/lib/python3.11/site-packages (from stack_data>=0.6.0->ipython>=6.1.0->ipywidgets>=8.0.4->open3d->-r /workspace/requirements/core.txt (line 17)) (3.0.2)
Requirement already satisfied: pure-eval in /isaac-sim/kit/python/lib/python3.11/site-packages (from stack_data>=0.6.0->ipython>=6.1.0->ipywidgets>=8.0.4->open3d->-r /workspace/requirements/core.txt (line 17)) (0.2.3)
WARNING: Running pip as the 'root' user can result in broken permissions and conflicting behaviour with the system package manager, possibly rendering your system unusable.It is recommended to use a virtual environment instead: https://pip.pypa.io/warnings/venv. Use the --root-user-action option if you know what you are doing and want to suppress this warning.

Validating imports...
  [PASS] open3d       0.19.0
  [PASS] pandas       3.0.5
  [PASS] tqdm         4.70.0
  [PASS] klampt       0.10.1
  [PASS] pyfqmr       <no __version__>
  [PASS] shapely      2.1.2
  [PASS] toppra       <no __version__>

Python core dependencies: PASS

[PASS] UniP Python core dependencies installed.
