[install_gpd.sh] ========================================
[install_gpd.sh] Native GPD installation
[install_gpd.sh] ========================================
[install_gpd.sh] Repository : https://github.com/atenpas/gpd.git
[install_gpd.sh] Revision   : 2.0.0
[install_gpd.sh] Source     : /workspace/external/gpd
[install_gpd.sh] Prefix     : /usr/local
[install_gpd.sh] Cloning native GPD repository...
Cloning into '/workspace/external/gpd'...
[install_gpd.sh] Fetching tags/revisions...
[install_gpd.sh] Checking out GPD revision: 2.0.0
HEAD is now at 6c6f975 minor: change version number
[install_gpd.sh] Configuring native GPD...
-- The C compiler identification is GNU 13.3.0
-- The CXX compiler identification is GNU 13.3.0
-- Detecting C compiler ABI info
-- Detecting C compiler ABI info - done
-- Check for working C compiler: /usr/bin/cc - skipped
-- Detecting C compile features
-- Detecting C compile features - done
-- Detecting CXX compiler ABI info
-- Detecting CXX compiler ABI info - done
-- Check for working CXX compiler: /usr/bin/c++ - skipped
-- Detecting CXX compile features
-- Detecting CXX compile features - done
-- Found Boost: /usr/lib/x86_64-linux-gnu/cmake/Boost-1.83.0/BoostConfig.cmake (found suitable version "1.83.0", minimum required is "1.65.0") found components: system filesystem iostreams serialization 
CMake Warning (dev) at /usr/lib/x86_64-linux-gnu/cmake/pcl/Modules/FindFLANN.cmake:45 (find_package):
  Policy CMP0144 is not set: find_package uses upper-case <PACKAGENAME>_ROOT
  variables.  Run "cmake --help-policy CMP0144" for policy details.  Use the
  cmake_policy command to set the policy and suppress this warning.

  CMake variable FLANN_ROOT is set to:

    /usr

  For compatibility, find_package is ignoring the variable, but code in a
  .cmake module might still use it.
Call Stack (most recent call first):
  /usr/lib/x86_64-linux-gnu/cmake/pcl/PCLConfig.cmake:261 (find_package)
  /usr/lib/x86_64-linux-gnu/cmake/pcl/PCLConfig.cmake:306 (find_flann)
  /usr/lib/x86_64-linux-gnu/cmake/pcl/PCLConfig.cmake:570 (find_external_library)
  CMakeLists.txt:10 (find_package)
This warning is for project developers.  Use -Wno-dev to suppress it.

-- Found flann version 1.9.2
-- Found OpenMP_CXX: -fopenmp (found version "4.5") 
-- Found OpenMP: TRUE (found version "4.5") found components: CXX 
-- Performing Test CMAKE_HAVE_LIBC_PTHREAD
-- Performing Test CMAKE_HAVE_LIBC_PTHREAD - Success
-- Found Threads: TRUE  
-- Found GLEW: /usr/lib/x86_64-linux-gnu/libGLEW.so  
-- Found OpenGL: /usr/lib/x86_64-linux-gnu/libOpenGL.so  found components: OpenGL GLX 
-- Found MPI_C: /usr/lib/x86_64-linux-gnu/libmpi.so (found version "3.1") 
-- Found MPI: TRUE (found version "3.1") found components: C 
-- Found JsonCpp: /usr/lib/x86_64-linux-gnu/libjsoncpp.so (found suitable version "1.9.5", minimum required is "0.7.0") 
-- Found ZLIB: /usr/lib/x86_64-linux-gnu/libz.so (found version "1.3")  
-- Found PNG: /usr/lib/x86_64-linux-gnu/libpng.so (found version "1.6.43") 
-- Found Eigen3: /usr/include/eigen3 (found version "3.4.0") 
-- Found X11: /usr/include   
-- Looking for XOpenDisplay in /usr/lib/x86_64-linux-gnu/libX11.so;/usr/lib/x86_64-linux-gnu/libXext.so
-- Looking for XOpenDisplay in /usr/lib/x86_64-linux-gnu/libX11.so;/usr/lib/x86_64-linux-gnu/libXext.so - found
-- Looking for gethostbyname
-- Looking for gethostbyname - found
-- Looking for connect
-- Looking for connect - found
-- Looking for remove
-- Looking for remove - found
-- Looking for shmat
-- Looking for shmat - found
-- Looking for IceConnectionNumber in ICE
-- Looking for IceConnectionNumber in ICE - found
-- Found EXPAT: /usr/lib/x86_64-linux-gnu/libexpat.so (found version "2.6.1") 
-- Found double-conversion: /usr/lib/x86_64-linux-gnu/libdouble-conversion.so  
-- Found LZ4: /usr/lib/x86_64-linux-gnu/liblz4.so (found version "1.9.4") 
-- Found LZMA: /usr/lib/x86_64-linux-gnu/liblzma.so (found version "5.4.5") 
-- Found JPEG: /usr/lib/x86_64-linux-gnu/libjpeg.so (found version "80") 
-- Found TIFF: /usr/lib/x86_64-linux-gnu/libtiff.so (found version "4.5.1")  
-- Found Freetype: /usr/lib/x86_64-linux-gnu/libfreetype.so (found version "2.13.2") 
-- Found utf8cpp: /usr/include/utf8cpp  
-- Checking for module 'libusb-1.0'
--   Found libusb-1.0, version 1.0.27
-- Found libusb: /usr/lib/x86_64-linux-gnu/libusb-1.0.so  
-- Found OpenNI: /usr/lib/libOpenNI.so;libusb::libusb (found version "1.5.4.0") 
-- OpenNI found (version: 1.5.4.0, include: /usr/include/ni, lib: /usr/lib/libOpenNI.so;libusb::libusb)
-- Found OpenNI2: /usr/lib/x86_64-linux-gnu/libOpenNI2.so;libusb::libusb (found version "2.2.0.33") 
-- OpenNI2 found (version: 2.2.0.33, include: /usr/include/openni2, lib: /usr/lib/x86_64-linux-gnu/libOpenNI2.so;libusb::libusb)
-- Could NOT find Pcap (missing: PCAP_LIBRARIES PCAP_INCLUDE_DIRS) 
** WARNING ** io features related to pcap will be disabled
-- OpenNI found (version: 1.5.4.0, include: /usr/include/ni, lib: /usr/lib/libOpenNI.so;libusb::libusb)
-- OpenNI2 found (version: 2.2.0.33, include: /usr/include/openni2, lib: /usr/lib/x86_64-linux-gnu/libOpenNI2.so;libusb::libusb)
-- Found Qhull version 8.0.2
-- OpenNI found (version: 1.5.4.0, include: /usr/include/ni, lib: /usr/lib/libOpenNI.so;libusb::libusb)
-- looking for PCL_COMMON
-- Found PCL_COMMON: /usr/lib/x86_64-linux-gnu/libpcl_common.so  
-- looking for PCL_KDTREE
-- Found PCL_KDTREE: /usr/lib/x86_64-linux-gnu/libpcl_kdtree.so  
-- looking for PCL_OCTREE
-- Found PCL_OCTREE: /usr/lib/x86_64-linux-gnu/libpcl_octree.so  
-- looking for PCL_SEARCH
-- Found PCL_SEARCH: /usr/lib/x86_64-linux-gnu/libpcl_search.so  
-- looking for PCL_SAMPLE_CONSENSUS
-- Found PCL_SAMPLE_CONSENSUS: /usr/lib/x86_64-linux-gnu/libpcl_sample_consensus.so  
-- looking for PCL_FILTERS
-- Found PCL_FILTERS: /usr/lib/x86_64-linux-gnu/libpcl_filters.so  
-- looking for PCL_2D
-- Found PCL_2D: /usr/include/pcl-1.14  
-- looking for PCL_GEOMETRY
-- Found PCL_GEOMETRY: /usr/include/pcl-1.14  
-- looking for PCL_IO
-- Found PCL_IO: /usr/lib/x86_64-linux-gnu/libpcl_io.so  
-- looking for PCL_FEATURES
-- Found PCL_FEATURES: /usr/lib/x86_64-linux-gnu/libpcl_features.so  
-- looking for PCL_ML
-- Found PCL_ML: /usr/lib/x86_64-linux-gnu/libpcl_ml.so  
-- looking for PCL_SEGMENTATION
-- Found PCL_SEGMENTATION: /usr/lib/x86_64-linux-gnu/libpcl_segmentation.so  
-- looking for PCL_VISUALIZATION
-- Found PCL_VISUALIZATION: /usr/lib/x86_64-linux-gnu/libpcl_visualization.so  
-- looking for PCL_SURFACE
-- Found PCL_SURFACE: /usr/lib/x86_64-linux-gnu/libpcl_surface.so  
-- looking for PCL_REGISTRATION
-- Found PCL_REGISTRATION: /usr/lib/x86_64-linux-gnu/libpcl_registration.so  
-- looking for PCL_KEYPOINTS
-- Found PCL_KEYPOINTS: /usr/lib/x86_64-linux-gnu/libpcl_keypoints.so  
-- looking for PCL_TRACKING
-- Found PCL_TRACKING: /usr/lib/x86_64-linux-gnu/libpcl_tracking.so  
-- looking for PCL_RECOGNITION
-- Found PCL_RECOGNITION: /usr/lib/x86_64-linux-gnu/libpcl_recognition.so  
-- looking for PCL_STEREO
-- Found PCL_STEREO: /usr/lib/x86_64-linux-gnu/libpcl_stereo.so  
-- looking for PCL_APPS
-- Found PCL_APPS: /usr/lib/x86_64-linux-gnu/libpcl_apps.so  
-- looking for PCL_IN_HAND_SCANNER
-- Found PCL_IN_HAND_SCANNER: /usr/include/pcl-1.14  
-- looking for PCL_MODELER
-- Found PCL_MODELER: /usr/include/pcl-1.14  
-- looking for PCL_POINT_CLOUD_EDITOR
-- Found PCL_POINT_CLOUD_EDITOR: /usr/include/pcl-1.14  
-- looking for PCL_OUTOFCORE
-- Found PCL_OUTOFCORE: /usr/lib/x86_64-linux-gnu/libpcl_outofcore.so  
-- looking for PCL_PEOPLE
-- Found PCL_PEOPLE: /usr/lib/x86_64-linux-gnu/libpcl_people.so  
-- Found PCL: pcl_common;pcl_kdtree;pcl_octree;pcl_search;pcl_sample_consensus;pcl_filters;pcl_io;pcl_features;pcl_ml;pcl_segmentation;pcl_visualization;pcl_surface;pcl_registration;pcl_keypoints;pcl_tracking;pcl_recognition;pcl_stereo;pcl_apps;pcl_outofcore;pcl_people;Boost::system;Boost::filesystem;Boost::iostreams;Boost::serialization;/usr/lib/libOpenNI.so;libusb::libusb;/usr/lib/x86_64-linux-gnu/libOpenNI2.so;libusb::libusb;VTK::ChartsCore;VTK::CommonColor;VTK::CommonComputationalGeometry;VTK::CommonCore;VTK::CommonDataModel;VTK::CommonExecutionModel;VTK::CommonMath;VTK::CommonMisc;VTK::CommonTransforms;VTK::FiltersCore;VTK::FiltersExtraction;VTK::FiltersGeneral;VTK::FiltersGeometry;VTK::FiltersModeling;VTK::FiltersSources;VTK::ImagingCore;VTK::ImagingSources;VTK::InteractionImage;VTK::InteractionStyle;VTK::InteractionWidgets;VTK::IOCore;VTK::IOGeometry;VTK::IOImage;VTK::IOLegacy;VTK::IOPLY;VTK::RenderingAnnotation;VTK::RenderingCore;VTK::RenderingContext2D;VTK::RenderingLOD;VTK::RenderingFreeType;VTK::ViewsCore;VTK::ViewsContext2D;VTK::RenderingOpenGL2;VTK::RenderingContextOpenGL2;VTK::GUISupportQt;FLANN::FLANN;QHULL::QHULL (Required is at least version "1.9") 
-- Found OpenCV: /usr (found version "4.6.0") 
-- Configuring done (2.5s)
-- Generating done (0.1s)
-- Build files have been written to: /workspace/external/gpd/build
[install_gpd.sh] Building native GPD with 12 job(s)...
[  4%] Building CXX object CMakeFiles/gpd_eigen_utils.dir/src/gpd/util/eigen_utils.cpp.o
[  4%] Building CXX object CMakeFiles/gpd_conv_layer.dir/src/gpd/net/conv_layer.cpp.o
[  4%] Building CXX object CMakeFiles/gpd_dense_layer.dir/src/gpd/net/dense_layer.cpp.o
[  6%] Building CXX object CMakeFiles/gpd_config_file.dir/src/gpd/util/config_file.cpp.o
[  7%] Building CXX object CMakeFiles/gpd_local_frame.dir/src/gpd/candidate/local_frame.cpp.o
[  9%] Building CXX object CMakeFiles/gpd_finger_hand.dir/src/gpd/candidate/finger_hand.cpp.o
[ 10%] Linking CXX static library libgpd_config_file.a
[ 10%] Built target gpd_config_file
[ 12%] Building CXX object CMakeFiles/gpd_image_geometry.dir/src/gpd/descriptor/image_geometry.cpp.o
[ 13%] Building CXX object CMakeFiles/gpd_hand_geometry.dir/src/gpd/candidate/hand_geometry.cpp.o
[ 15%] Linking CXX static library libgpd_dense_layer.a
[ 15%] Built target gpd_dense_layer
[ 16%] Linking CXX static library libgpd_eigen_utils.a
[ 16%] Built target gpd_eigen_utils
[ 20%] Building CXX object CMakeFiles/gpd_point_list.dir/src/gpd/util/point_list.cpp.o
[ 20%] Building CXX object CMakeFiles/gpd_cloud.dir/src/gpd/util/cloud.cpp.o
[ 21%] Linking CXX static library libgpd_finger_hand.a
[ 21%] Built target gpd_finger_hand
[ 23%] Building CXX object CMakeFiles/gpd_hand.dir/src/gpd/candidate/hand.cpp.o
[ 24%] Linking CXX static library libgpd_hand_geometry.a
[ 24%] Built target gpd_hand_geometry
[ 26%] Linking CXX static library libgpd_image_geometry.a
[ 26%] Built target gpd_image_geometry
[ 27%] Linking CXX static library libgpd_point_list.a
[ 27%] Built target gpd_point_list
[ 29%] Building CXX object CMakeFiles/gpd_antipodal.dir/src/gpd/candidate/antipodal.cpp.o
[ 30%] Linking CXX static library libgpd_hand.a
[ 30%] Built target gpd_hand
[ 32%] Building CXX object CMakeFiles/gpd_clustering.dir/src/gpd/clustering.cpp.o
[ 33%] Linking CXX static library libgpd_conv_layer.a
[ 33%] Built target gpd_conv_layer
[ 36%] Building CXX object CMakeFiles/gpd_classifier.dir/src/gpd/net/classifier.cpp.o
[ 36%] Building CXX object CMakeFiles/gpd_classifier.dir/src/gpd/net/eigen_classifier.cpp.o
[ 38%] Linking CXX static library libgpd_local_frame.a
[ 38%] Built target gpd_local_frame
[ 40%] Linking CXX static library libgpd_antipodal.a
[ 40%] Built target gpd_antipodal
[ 41%] Building CXX object CMakeFiles/gpd_hand_set.dir/src/gpd/candidate/hand_set.cpp.o
[ 43%] Linking CXX static library libgpd_classifier.a
[ 43%] Built target gpd_classifier
[ 44%] Linking CXX static library libgpd_clustering.a
[ 44%] Built target gpd_clustering
[ 46%] Linking CXX static library libgpd_hand_set.a
[ 46%] Built target gpd_hand_set
[ 47%] Building CXX object CMakeFiles/gpd_image_15_channels_strategy.dir/src/gpd/descriptor/image_15_channels_strategy.cpp.o
[ 49%] Linking CXX static library libgpd_image_15_channels_strategy.a
[ 49%] Built target gpd_image_15_channels_strategy
[ 50%] Building CXX object CMakeFiles/gpd_image_12_channels_strategy.dir/src/gpd/descriptor/image_12_channels_strategy.cpp.o
[ 52%] Linking CXX static library libgpd_cloud.a
[ 52%] Built target gpd_cloud
[ 55%] Building CXX object CMakeFiles/gpd_frame_estimator.dir/src/gpd/candidate/frame_estimator.cpp.o
[ 55%] Building CXX object CMakeFiles/gpd_plot.dir/src/gpd/util/plot.cpp.o
[ 56%] Linking CXX static library libgpd_image_12_channels_strategy.a
[ 56%] Built target gpd_image_12_channels_strategy
[ 58%] Building CXX object CMakeFiles/gpd_image_3_channels_strategy.dir/src/gpd/descriptor/image_3_channels_strategy.cpp.o
[ 60%] Linking CXX static library libgpd_image_3_channels_strategy.a
[ 60%] Built target gpd_image_3_channels_strategy
[ 61%] Building CXX object CMakeFiles/gpd_image_1_channels_strategy.dir/src/gpd/descriptor/image_1_channels_strategy.cpp.o
[ 63%] Linking CXX static library libgpd_frame_estimator.a
[ 63%] Built target gpd_frame_estimator
[ 64%] Linking CXX static library libgpd_image_1_channels_strategy.a
[ 64%] Built target gpd_image_1_channels_strategy
[ 66%] Building CXX object CMakeFiles/gpd_image_strategy.dir/src/gpd/descriptor/image_strategy.cpp.o
[ 67%] Linking CXX static library libgpd_image_strategy.a
[ 67%] Built target gpd_image_strategy
[ 69%] Building CXX object CMakeFiles/gpd_image_generator.dir/src/gpd/descriptor/image_generator.cpp.o
[ 70%] Linking CXX static library libgpd_plot.a
[ 70%] Built target gpd_plot
[ 72%] Building CXX object CMakeFiles/gpd_hand_search.dir/src/gpd/candidate/hand_search.cpp.o
[ 73%] Linking CXX static library libgpd_image_generator.a
[ 73%] Built target gpd_image_generator
[ 75%] Linking CXX static library libgpd_hand_search.a
[ 75%] Built target gpd_hand_search
[ 76%] Building CXX object CMakeFiles/gpd_candidates_generator.dir/src/gpd/candidate/candidates_generator.cpp.o
[ 78%] Linking CXX static library libgpd_candidates_generator.a
[ 78%] Built target gpd_candidates_generator
[ 83%] Building CXX object CMakeFiles/gpd_test_grasp_image.dir/src/tests/test_grasp_image.cpp.o
[ 83%] Building CXX object CMakeFiles/gpd_grasp_detector.dir/src/gpd/grasp_detector.cpp.o
[ 83%] Building CXX object CMakeFiles/gpd_generate_candidates.dir/src/generate_candidates.cpp.o
[ 84%] Linking CXX executable gpd_generate_candidates
[ 86%] Linking CXX executable test_grasp_image
[ 86%] Built target gpd_generate_candidates
[ 87%] Linking CXX shared library libgpd.so
[ 87%] Built target gpd_test_grasp_image
[ 87%] Built target gpd_grasp_detector
[ 89%] Building CXX object CMakeFiles/gpd_detect_grasps.dir/src/detect_grasps.cpp.o
[ 90%] Building CXX object CMakeFiles/gpd_sequential_importance_sampling.dir/src/gpd/sequential_importance_sampling.cpp.o
[ 92%] Building CXX object CMakeFiles/gpd_label_grasps.dir/src/label_grasps.cpp.o
[ 93%] Linking CXX executable detect_grasps
[ 95%] Linking CXX executable label_grasps
[ 95%] Built target gpd_detect_grasps
[ 95%] Built target gpd_label_grasps
[ 96%] Linking CXX static library libgpd_sequential_importance_sampling.a
[ 96%] Built target gpd_sequential_importance_sampling
[ 98%] Building CXX object CMakeFiles/gpd_cem_detect_grasps.dir/src/cem_detect_grasps.cpp.o
[100%] Linking CXX executable cem_detect_grasps
[100%] Built target gpd_cem_detect_grasps
[install_gpd.sh] Installing native GPD to: /usr/local
-- Install configuration: "Debug"
-- Installing: /usr/local/lib/libgpd.so
-- Installing: /usr/local/include/gpd
-- Installing: /usr/local/include/gpd/data_generator.h
-- Installing: /usr/local/include/gpd/util
-- Installing: /usr/local/include/gpd/util/eigen_utils.h
-- Installing: /usr/local/include/gpd/util/point_list.h
-- Installing: /usr/local/include/gpd/util/plot.h
-- Installing: /usr/local/include/gpd/util/cloud.h
-- Installing: /usr/local/include/gpd/util/config_file.h
-- Installing: /usr/local/include/gpd/sequential_importance_sampling.h
-- Installing: /usr/local/include/gpd/candidate
-- Installing: /usr/local/include/gpd/candidate/frame_estimator.h
-- Installing: /usr/local/include/gpd/candidate/hand_set.h
-- Installing: /usr/local/include/gpd/candidate/hand_search.h
-- Installing: /usr/local/include/gpd/candidate/finger_hand.h
-- Installing: /usr/local/include/gpd/candidate/local_frame.h
-- Installing: /usr/local/include/gpd/candidate/candidates_generator.h
-- Installing: /usr/local/include/gpd/candidate/hand_geometry.h
-- Installing: /usr/local/include/gpd/candidate/antipodal.h
-- Installing: /usr/local/include/gpd/candidate/hand.h
-- Installing: /usr/local/include/gpd/descriptor
-- Installing: /usr/local/include/gpd/descriptor/image_geometry.h
-- Installing: /usr/local/include/gpd/descriptor/image_15_channels_strategy.h
-- Installing: /usr/local/include/gpd/descriptor/image_1_channels_strategy.h
-- Installing: /usr/local/include/gpd/descriptor/image_generator.h
-- Installing: /usr/local/include/gpd/descriptor/image_3_channels_strategy.h
-- Installing: /usr/local/include/gpd/descriptor/image_strategy.h
-- Installing: /usr/local/include/gpd/descriptor/image_12_channels_strategy.h
-- Installing: /usr/local/include/gpd/clustering.h
-- Installing: /usr/local/include/gpd/net
-- Installing: /usr/local/include/gpd/net/dense_layer.h
-- Installing: /usr/local/include/gpd/net/caffe_classifier.h
-- Installing: /usr/local/include/gpd/net/layer.h
-- Installing: /usr/local/include/gpd/net/eigen_classifier.h
-- Installing: /usr/local/include/gpd/net/classifier.h
-- Installing: /usr/local/include/gpd/net/openvino_classifier.h.in
-- Installing: /usr/local/include/gpd/net/conv_layer.h
-- Installing: /usr/local/include/gpd/grasp_detector.h
[install_gpd.sh] Verifying native GPD installation...
[install_gpd.sh] Native GPD installation verified.
[install_gpd.sh] Repository : https://github.com/atenpas/gpd.git
[install_gpd.sh] Revision   : 2.0.0
[install_gpd.sh] Commit     : 6c6f975
[install_gpd.sh] Source     : /workspace/external/gpd
[install_gpd.sh] Prefix     : /usr/local
[install_gpd.sh] PASS: native GPD installation completed.
