[build_unip_workspace_ros311.sh] Copying source package: gpd_ros_messages
[build_unip_workspace_ros311.sh] Copying source package: gpd_ros
[build_unip_workspace_ros311.sh] Copying source package: generate_motion_msgs
[build_unip_workspace_ros311.sh] Copying source package: placeability_scoring
[build_unip_workspace_ros311.sh] Building UniP core ROS311 image...
DEPRECATED: The legacy builder is deprecated and will be removed in a future release.
            Install the buildx component to build images with BuildKit:
            https://docs.docker.com/go/buildx/

Sending build context to Docker daemon  781.8kB
Step 1/10 : FROM unip_ros311_overlay:jazzy_py311
 ---> 9ead2d9a60f6
Step 2/10 : SHELL ["/bin/bash", "-lc"]
 ---> Using cache
 ---> 6874fc9ba7c8
Step 3/10 : WORKDIR /workspace
 ---> Using cache
 ---> 9cd8004ef56f
Step 4/10 : RUN python3 --version &&     test "$(python3 -c 'import sys; print(f"{sys.version_info.major}.{sys.version_info.minor}")')" = "3.11" &&     echo "colcon: $(command -v colcon)" &&     head -n 1 "$(command -v colcon)"
 ---> Using cache
 ---> 26ab9da8429d
Step 5/10 : RUN apt-get update &&     apt-get install -y --no-install-recommends         build-essential         cmake         git         libboost-all-dev         libeigen3-dev         libopencv-dev         libpcl-dev &&     rm -rf /var/lib/apt/lists/*
 ---> Using cache
 ---> 229acde040eb
Step 6/10 : RUN git clone https://github.com/atenpas/gpd.git /tmp/gpd &&     cd /tmp/gpd &&     git checkout 2.0.0 &&     test "$(git rev-parse HEAD)" = "6c6f9752b6197bdeffbf861da57ec04f96549148" &&     mkdir -p build &&     cd build &&     cmake -DCMAKE_BUILD_TYPE=Release -DCMAKE_INSTALL_PREFIX=/usr/local .. &&     cmake --build . -j"$(nproc)" &&     cmake --install . &&     ldconfig &&     ldconfig -p | grep libgpd &&     test -f /usr/local/include/gpd/grasp_detector.h
 ---> Using cache
 ---> 9e79e33be3ae
Step 7/10 : RUN rm -rf /workspace/unip_core_ws && mkdir -p /workspace/unip_core_ws/src
 ---> Using cache
 ---> 0f2df1d0fed0
Step 8/10 : COPY src/ /workspace/unip_core_ws/src/
 ---> Using cache
 ---> 7d7a147986fb
Step 9/10 : RUN source /workspace/jazzy_ws/install/setup.bash &&     source /workspace/unip_ros311_ws/install/local_setup.bash &&     cd /workspace/unip_core_ws &&     colcon build         --merge-install         --packages-up-to             gpd_ros_messages             gpd_ros             generate_motion_msgs             placeability_scoring         --cmake-args             -DCMAKE_BUILD_TYPE=RelWithDebInfo             -DCMAKE_EXPORT_COMPILE_COMMANDS=ON
 ---> Using cache
 ---> 3913c58bebb2
Step 10/10 : RUN source /workspace/jazzy_ws/install/setup.bash &&     source /workspace/unip_ros311_ws/install/local_setup.bash &&     source /workspace/unip_core_ws/install/local_setup.bash &&     python3 -c 'import sys; assert sys.version_info[:2] == (3, 11); import placeability_scoring, gpd_ros_messages; print("UniP core Python imports: PASS")'
 ---> Using cache
 ---> 014abc042383
Successfully built 014abc042383
Successfully tagged unip_core_ros311:latest
[build_unip_workspace_ros311.sh] Extracting install tree to: /workspace/install
[build_unip_workspace_ros311.sh] PASS: UniP core ROS311 workspace build completed.
[build_unip_workspace_ros311.sh] Install tree: /workspace/install
