[install_curobo.sh] TORCH_CUDA_ARCH_LIST=8.6
Obtaining file:///workspace/external/curobo
  Checking if build backend supports build_editable: started
  Checking if build backend supports build_editable: finished with status 'done'
  Preparing editable metadata (pyproject.toml): started
  Preparing editable metadata (pyproject.toml): finished with status 'done'
Building wheels for collected packages: nvidia_curobo
  Building editable for nvidia_curobo (pyproject.toml): started
  Building editable for nvidia_curobo (pyproject.toml): still running...
  Building editable for nvidia_curobo (pyproject.toml): still running...
  Building editable for nvidia_curobo (pyproject.toml): finished with status 'done'
  Created wheel for nvidia_curobo: filename=nvidia_curobo-0.7.8-0.editable-cp311-cp311-linux_x86_64.whl size=5620 sha256=af19ebbd54cfc6d49edb18283ec23816050f1719ae91927c7f5683796b9f1ae5
  Stored in directory: /tmp/pip-ephem-wheel-cache-jxt9oejs/wheels/1b/bb/84/5853965bd7dc64b343a9407f3002ce5ef42b97ea7bb6507b7b
Successfully built nvidia_curobo
Installing collected packages: nvidia_curobo
Successfully installed nvidia_curobo-0.7.8
WARNING: Running pip as the 'root' user can result in broken permissions and conflicting behaviour with the system package manager, possibly rendering your system unusable.It is recommended to use a virtual environment instead: https://pip.pypa.io/warnings/venv. Use the --root-user-action option if you know what you are doing and want to suppress this warning.

[notice] A new release of pip is available: 24.3.1 -> 26.1.2
[notice] To update, run: /isaac-sim/kit/python/bin/python3 -m pip install --upgrade pip
[install_curobo.sh] ERROR: Legacy cuRobo API import failed after installation.
