
============================================================
Workspace
============================================================
  [PASS] Workspace root exists.
  [PASS] UniP src exists.
  [PASS] GPD source exists.
  [PASS] cuRobo source exists.

============================================================
Isaac Python
============================================================
  Executable : /isaac-sim/kit/python/bin/python3
  Version    : 3.11.13
  [PASS] Isaac Python 3.11 contract valid.

============================================================
ROS 2
============================================================
  ROS_DISTRO    : jazzy
  ROS_DOMAIN_ID : 42
  [PASS] ROS_DISTRO is Jazzy.
  [PASS] ros2 CLI available.
  [PASS] Isaac Python imports rclpy.

============================================================
GPU / Torch / CUDA
============================================================
  [PASS] nvidia-smi available.
  Torch          : 2.7.0+cu128
  Torch CUDA     : 12.8
  CUDA available : True
  CUDA_HOME      : /usr/local/cuda-12.8
  nvcc           : None
  GPU            : NVIDIA GeForce RTX 3060 Laptop GPU
  Capability     : (8, 6)
  [PASS] Torch can access CUDA.
  [WARN] nvcc not installed yet.
  [WARN] CUDA_HOME not present yet.

============================================================
Docker helper
============================================================
  [PASS] Docker CLI available.
  [PASS] Host Docker daemon reachable.

============================================================
Environment Validation Summary
============================================================
  Failures : 0
  Warnings : 2
