[build_unip_workspace_ros311.sh] Copying source package: gpd_ros_messages
[build_unip_workspace_ros311.sh] Copying source package: gpd_ros
[build_unip_workspace_ros311.sh] Copying source package: generate_motion_msgs
[build_unip_workspace_ros311.sh] Copying source package: placeability_scoring
[build_unip_workspace_ros311.sh] Building UniP core ROS311 image...
DEPRECATED: The legacy builder is deprecated and will be removed in a future release.
            Install the buildx component to build images with BuildKit:
            https://docs.docker.com/go/buildx/

Sending build context to Docker daemon  781.8kB
Step 1/10 : FROM unip_ros311_overlay:jazzy_py311
 ---> 9ead2d9a60f6
Step 2/10 : SHELL ["/bin/bash", "-lc"]
 ---> Using cache
 ---> 6874fc9ba7c8
Step 3/10 : WORKDIR /workspace
 ---> Using cache
 ---> 9cd8004ef56f
Step 4/10 : RUN python3 --version &&     test "$(python3 -c 'import sys; print(f"{sys.version_info.major}.{sys.version_info.minor}")')" = "3.11" &&     echo "colcon: $(command -v colcon)" &&     head -n 1 "$(command -v colcon)"
 ---> Running in d8ad40f071ff
Python 3.11.15
colcon: /usr/bin/colcon
#!/usr/bin/python3
 ---> Removed intermediate container d8ad40f071ff
 ---> 26ab9da8429d
Step 5/10 : RUN apt-get update &&     apt-get install -y --no-install-recommends         build-essential         cmake         git         libboost-all-dev         libeigen3-dev         libopencv-dev         libpcl-dev &&     rm -rf /var/lib/apt/lists/*
 ---> Running in 9c96607134b1
Get:1 https://ppa.launchpadcontent.net/deadsnakes/ppa/ubuntu noble InRelease [17.8 kB]
Get:2 http://security.ubuntu.com/ubuntu noble-security InRelease [126 kB]
Get:3 https://ppa.launchpadcontent.net/deadsnakes/ppa/ubuntu noble/main amd64 Packages [45.7 kB]
Get:4 http://archive.ubuntu.com/ubuntu noble InRelease [256 kB]
Get:5 http://security.ubuntu.com/ubuntu noble-security/restricted amd64 Packages [1557 kB]
Get:6 http://security.ubuntu.com/ubuntu noble-security/universe amd64 Packages [1521 kB]
Get:7 http://security.ubuntu.com/ubuntu noble-security/main amd64 Packages [1097 kB]
Get:8 http://security.ubuntu.com/ubuntu noble-security/multiverse amd64 Packages [50.0 kB]
Get:9 http://packages.ros.org/ros2/ubuntu noble InRelease [4676 B]
Get:10 http://archive.ubuntu.com/ubuntu noble-updates InRelease [126 kB]
Get:11 http://archive.ubuntu.com/ubuntu noble-backports InRelease [126 kB]
Get:12 http://packages.ros.org/ros2/ubuntu noble/main amd64 Packages [1956 kB]
Get:13 http://archive.ubuntu.com/ubuntu noble/universe amd64 Packages [19.3 MB]
Get:14 http://archive.ubuntu.com/ubuntu noble/restricted amd64 Packages [117 kB]
Get:15 http://archive.ubuntu.com/ubuntu noble/main amd64 Packages [1808 kB]
Get:16 http://archive.ubuntu.com/ubuntu noble/multiverse amd64 Packages [331 kB]
Get:17 http://archive.ubuntu.com/ubuntu noble-updates/restricted amd64 Packages [1700 kB]
Get:18 http://archive.ubuntu.com/ubuntu noble-updates/universe amd64 Packages [2135 kB]
Get:19 http://archive.ubuntu.com/ubuntu noble-updates/main amd64 Packages [1433 kB]
Get:20 http://archive.ubuntu.com/ubuntu noble-updates/multiverse amd64 Packages [55.8 kB]
Get:21 http://archive.ubuntu.com/ubuntu noble-backports/main amd64 Packages [48.9 kB]
Get:22 http://archive.ubuntu.com/ubuntu noble-backports/universe amd64 Packages [37.7 kB]
Get:23 http://archive.ubuntu.com/ubuntu noble-backports/multiverse amd64 Packages [671 B]
Fetched 33.9 MB in 4s (8496 kB/s)
Reading package lists...
[91mW: http://packages.ros.org/ros2/ubuntu/dists/noble/InRelease: Key is stored in legacy trusted.gpg keyring (/etc/apt/trusted.gpg), see the DEPRECATION section in apt-key(8) for details.
[0mReading package lists...
Building dependency tree...
Reading state information...
build-essential is already the newest version (12.10ubuntu1).
cmake is already the newest version (3.28.3-1build7).
git is already the newest version (1:2.43.0-1ubuntu7.3).
libboost-all-dev is already the newest version (1.83.0.1ubuntu2).
libeigen3-dev is already the newest version (3.4.0-4build0.1).
libopencv-dev is already the newest version (4.6.0+dfsg-13.1ubuntu1).
libpcl-dev is already the newest version (1.14.0+dfsg-1).
0 upgraded, 0 newly installed, 0 to remove and 0 not upgraded.
 ---> Removed intermediate container 9c96607134b1
 ---> 229acde040eb
Step 6/10 : RUN git clone https://github.com/atenpas/gpd.git /tmp/gpd &&     cd /tmp/gpd &&     git checkout 2.0.0 &&     test "$(git rev-parse HEAD)" = "6c6f9752b6197bdeffbf861da57ec04f96549148" &&     mkdir -p build &&     cd build &&     cmake -DCMAKE_BUILD_TYPE=Release -DCMAKE_INSTALL_PREFIX=/usr/local .. &&     cmake --build . -j"$(nproc)" &&     cmake --install . &&     ldconfig &&     ldconfig -p | grep libgpd &&     test -f /usr/local/include/gpd/grasp_detector.h
 ---> Running in 173fa90b8ad3
[91mCloning into '/tmp/gpd'...
[0m[91mNote: switching to '2.0.0'.

You are in 'detached HEAD' state. You can look around, make experimental
changes and commit them, and you can discard any commits you make in this
state without impacting any branches by switching back to a branch.

If you want to create a new branch to retain commits you create, you may
do so (now or later) by using -c with the switch command. Example:

  git switch -c <new-branch-name>

Or undo this operation with:

  git switch -

Turn off this advice by setting config variable advice.detachedHead to false

HEAD is now at 6c6f975 minor: change version number
[0m-- The C compiler identification is GNU 13.3.0
-- The CXX compiler identification is GNU 13.3.0
-- Detecting C compiler ABI info
-- Detecting C compiler ABI info - done
-- Check for working C compiler: /usr/bin/cc - skipped
-- Detecting C compile features
-- Detecting C compile features - done
-- Detecting CXX compiler ABI info
-- Detecting CXX compiler ABI info - done
-- Check for working CXX compiler: /usr/bin/c++ - skipped
-- Detecting CXX compile features
-- Detecting CXX compile features - done
-- Found Boost: /usr/lib/x86_64-linux-gnu/cmake/Boost-1.83.0/BoostConfig.cmake (found suitable version "1.83.0", minimum required is "1.65.0") found components: system filesystem iostreams serialization 
[91mCMake Warning (dev) at /usr/lib/x86_64-linux-gnu/cmake/pcl/Modules/FindFLANN.cmake:45 (find_package):
  Policy CMP0144 is not set: find_package uses upper-case <PACKAGENAME>_ROOT
  variables.  Run "cmake --help-policy CMP0144" for policy details.  Use the
  cmake_policy command to set the policy and suppress this warning.

  CMake variable FLANN_ROOT is set to:

    /usr

  For compatibility, find_package is ignoring the variable, but code in a
  .cmake module might still use it.
Call Stack (most recent call first):
  /usr/lib/x86_64-linux-gnu/cmake/pcl/PCLConfig.cmake:261 (find_package)
  /usr/lib/x86_64-linux-gnu/cmake/pcl/PCLConfig.cmake:306 (find_flann)
  /usr/lib/x86_64-linux-gnu/cmake/pcl/PCLConfig.cmake:570 (find_external_library)
  CMakeLists.txt:10 (find_package)
This warning is for project developers.  Use -Wno-dev to suppress it.

[0m-- Found flann version 1.9.2
-- Found OpenMP_CXX: -fopenmp (found version "4.5") 
-- Found OpenMP: TRUE (found version "4.5") found components: CXX 
-- Performing Test CMAKE_HAVE_LIBC_PTHREAD
-- Performing Test CMAKE_HAVE_LIBC_PTHREAD - Success
-- Found Threads: TRUE  
-- Found GLEW: /usr/lib/x86_64-linux-gnu/libGLEW.so  
-- Found OpenGL: /usr/lib/x86_64-linux-gnu/libOpenGL.so  found components: OpenGL GLX 
-- Found MPI_C: /usr/lib/x86_64-linux-gnu/libmpi.so (found version "3.1") 
-- Found MPI: TRUE (found version "3.1") found components: C 
-- Found JsonCpp: /usr/lib/x86_64-linux-gnu/libjsoncpp.so (found suitable version "1.9.5", minimum required is "0.7.0") 
-- Found ZLIB: /usr/lib/x86_64-linux-gnu/libz.so (found version "1.3")  
-- Found PNG: /usr/lib/x86_64-linux-gnu/libpng.so (found version "1.6.43") 
-- Found Eigen3: /usr/include/eigen3 (found version "3.4.0") 
-- Found X11: /usr/include   
-- Looking for XOpenDisplay in /usr/lib/x86_64-linux-gnu/libX11.so;/usr/lib/x86_64-linux-gnu/libXext.so
-- Looking for XOpenDisplay in /usr/lib/x86_64-linux-gnu/libX11.so;/usr/lib/x86_64-linux-gnu/libXext.so - found
-- Looking for gethostbyname
-- Looking for gethostbyname - found
-- Looking for connect
-- Looking for connect - found
-- Looking for remove
-- Looking for remove - found
-- Looking for shmat
-- Looking for shmat - found
-- Looking for IceConnectionNumber in ICE
-- Looking for IceConnectionNumber in ICE - found
-- Found EXPAT: /usr/lib/x86_64-linux-gnu/libexpat.so (found version "2.6.1") 
-- Found double-conversion: /usr/lib/x86_64-linux-gnu/libdouble-conversion.so  
-- Found LZ4: /usr/lib/x86_64-linux-gnu/liblz4.so (found version "1.9.4") 
-- Found LZMA: /usr/lib/x86_64-linux-gnu/liblzma.so (found version "5.4.5") 
-- Found JPEG: /usr/lib/x86_64-linux-gnu/libjpeg.so (found version "80") 
-- Found TIFF: /usr/lib/x86_64-linux-gnu/libtiff.so (found version "4.5.1")  
-- Found Freetype: /usr/lib/x86_64-linux-gnu/libfreetype.so (found version "2.13.2") 
-- Found utf8cpp: /usr/include/utf8cpp  
-- Checking for module 'libusb-1.0'
--   Found libusb-1.0, version 1.0.27
-- Found libusb: /usr/lib/x86_64-linux-gnu/libusb-1.0.so  
-- Found OpenNI: /usr/lib/libOpenNI.so;libusb::libusb (found version "1.5.4.0") 
-- OpenNI found (version: 1.5.4.0, include: /usr/include/ni, lib: /usr/lib/libOpenNI.so;libusb::libusb)
-- Found OpenNI2: /usr/lib/x86_64-linux-gnu/libOpenNI2.so;libusb::libusb (found version "2.2.0.33") 
-- OpenNI2 found (version: 2.2.0.33, include: /usr/include/openni2, lib: /usr/lib/x86_64-linux-gnu/libOpenNI2.so;libusb::libusb)
[91m** WARNING ** io features related to pcap will be disabled
[0m-- Could NOT find Pcap (missing: PCAP_LIBRARIES PCAP_INCLUDE_DIRS) 
-- OpenNI found (version: 1.5.4.0, include: /usr/include/ni, lib: /usr/lib/libOpenNI.so;libusb::libusb)
-- OpenNI2 found (version: 2.2.0.33, include: /usr/include/openni2, lib: /usr/lib/x86_64-linux-gnu/libOpenNI2.so;libusb::libusb)
-- Found Qhull version 8.0.2
-- OpenNI found (version: 1.5.4.0, include: /usr/include/ni, lib: /usr/lib/libOpenNI.so;libusb::libusb)
-- looking for PCL_COMMON
-- Found PCL_COMMON: /usr/lib/x86_64-linux-gnu/libpcl_common.so  
-- looking for PCL_KDTREE
-- Found PCL_KDTREE: /usr/lib/x86_64-linux-gnu/libpcl_kdtree.so  
-- looking for PCL_OCTREE
-- Found PCL_OCTREE: /usr/lib/x86_64-linux-gnu/libpcl_octree.so  
-- looking for PCL_SEARCH
-- Found PCL_SEARCH: /usr/lib/x86_64-linux-gnu/libpcl_search.so  
-- looking for PCL_SAMPLE_CONSENSUS
-- Found PCL_SAMPLE_CONSENSUS: /usr/lib/x86_64-linux-gnu/libpcl_sample_consensus.so  
-- looking for PCL_FILTERS
-- Found PCL_FILTERS: /usr/lib/x86_64-linux-gnu/libpcl_filters.so  
-- looking for PCL_2D
-- Found PCL_2D: /usr/include/pcl-1.14  
-- looking for PCL_GEOMETRY
-- Found PCL_GEOMETRY: /usr/include/pcl-1.14  
-- looking for PCL_IO
-- Found PCL_IO: /usr/lib/x86_64-linux-gnu/libpcl_io.so  
-- looking for PCL_FEATURES
-- Found PCL_FEATURES: /usr/lib/x86_64-linux-gnu/libpcl_features.so  
-- looking for PCL_ML
-- Found PCL_ML: /usr/lib/x86_64-linux-gnu/libpcl_ml.so  
-- looking for PCL_SEGMENTATION
-- Found PCL_SEGMENTATION: /usr/lib/x86_64-linux-gnu/libpcl_segmentation.so  
-- looking for PCL_VISUALIZATION
-- Found PCL_VISUALIZATION: /usr/lib/x86_64-linux-gnu/libpcl_visualization.so  
-- looking for PCL_SURFACE
-- Found PCL_SURFACE: /usr/lib/x86_64-linux-gnu/libpcl_surface.so  
-- looking for PCL_REGISTRATION
-- Found PCL_REGISTRATION: /usr/lib/x86_64-linux-gnu/libpcl_registration.so  
-- looking for PCL_KEYPOINTS
-- Found PCL_KEYPOINTS: /usr/lib/x86_64-linux-gnu/libpcl_keypoints.so  
-- looking for PCL_TRACKING
-- Found PCL_TRACKING: /usr/lib/x86_64-linux-gnu/libpcl_tracking.so  
-- looking for PCL_RECOGNITION
-- Found PCL_RECOGNITION: /usr/lib/x86_64-linux-gnu/libpcl_recognition.so  
-- looking for PCL_STEREO
-- Found PCL_STEREO: /usr/lib/x86_64-linux-gnu/libpcl_stereo.so  
-- looking for PCL_APPS
-- Found PCL_APPS: /usr/lib/x86_64-linux-gnu/libpcl_apps.so  
-- looking for PCL_IN_HAND_SCANNER
-- Found PCL_IN_HAND_SCANNER: /usr/include/pcl-1.14  
-- looking for PCL_MODELER
-- Found PCL_MODELER: /usr/include/pcl-1.14  
-- looking for PCL_POINT_CLOUD_EDITOR
-- Found PCL_POINT_CLOUD_EDITOR: /usr/include/pcl-1.14  
-- looking for PCL_OUTOFCORE
-- Found PCL_OUTOFCORE: /usr/lib/x86_64-linux-gnu/libpcl_outofcore.so  
-- looking for PCL_PEOPLE
-- Found PCL_PEOPLE: /usr/lib/x86_64-linux-gnu/libpcl_people.so  
-- Found PCL: pcl_common;pcl_kdtree;pcl_octree;pcl_search;pcl_sample_consensus;pcl_filters;pcl_io;pcl_features;pcl_ml;pcl_segmentation;pcl_visualization;pcl_surface;pcl_registration;pcl_keypoints;pcl_tracking;pcl_recognition;pcl_stereo;pcl_apps;pcl_outofcore;pcl_people;Boost::system;Boost::filesystem;Boost::iostreams;Boost::serialization;/usr/lib/libOpenNI.so;libusb::libusb;/usr/lib/x86_64-linux-gnu/libOpenNI2.so;libusb::libusb;VTK::ChartsCore;VTK::CommonColor;VTK::CommonComputationalGeometry;VTK::CommonCore;VTK::CommonDataModel;VTK::CommonExecutionModel;VTK::CommonMath;VTK::CommonMisc;VTK::CommonTransforms;VTK::FiltersCore;VTK::FiltersExtraction;VTK::FiltersGeneral;VTK::FiltersGeometry;VTK::FiltersModeling;VTK::FiltersSources;VTK::ImagingCore;VTK::ImagingSources;VTK::InteractionImage;VTK::InteractionStyle;VTK::InteractionWidgets;VTK::IOCore;VTK::IOGeometry;VTK::IOImage;VTK::IOLegacy;VTK::IOPLY;VTK::RenderingAnnotation;VTK::RenderingCore;VTK::RenderingContext2D;VTK::RenderingLOD;VTK::RenderingFreeType;VTK::ViewsCore;VTK::ViewsContext2D;VTK::RenderingOpenGL2;VTK::RenderingContextOpenGL2;VTK::GUISupportQt;FLANN::FLANN;QHULL::QHULL (Required is at least version "1.9") 
-- Found OpenCV: /usr (found version "4.6.0") 
-- Configuring done (2.3s)
-- Generating done (0.1s)
-- Build files have been written to: /tmp/gpd/build
[  1%] Building CXX object CMakeFiles/gpd_dense_layer.dir/src/gpd/net/dense_layer.cpp.o
[  4%] Building CXX object CMakeFiles/gpd_conv_layer.dir/src/gpd/net/conv_layer.cpp.o
[  4%] Building CXX object CMakeFiles/gpd_eigen_utils.dir/src/gpd/util/eigen_utils.cpp.o
[  6%] Building CXX object CMakeFiles/gpd_config_file.dir/src/gpd/util/config_file.cpp.o
[  7%] Building CXX object CMakeFiles/gpd_local_frame.dir/src/gpd/candidate/local_frame.cpp.o
[  9%] Building CXX object CMakeFiles/gpd_finger_hand.dir/src/gpd/candidate/finger_hand.cpp.o
[ 10%] Linking CXX static library libgpd_config_file.a
[ 10%] Built target gpd_config_file
[ 12%] Building CXX object CMakeFiles/gpd_hand_geometry.dir/src/gpd/candidate/hand_geometry.cpp.o
[ 13%] Building CXX object CMakeFiles/gpd_image_geometry.dir/src/gpd/descriptor/image_geometry.cpp.o
[ 15%] Linking CXX static library libgpd_eigen_utils.a
[ 15%] Built target gpd_eigen_utils
[ 16%] Building CXX object CMakeFiles/gpd_point_list.dir/src/gpd/util/point_list.cpp.o
[ 18%] Building CXX object CMakeFiles/gpd_cloud.dir/src/gpd/util/cloud.cpp.o
[ 20%] Linking CXX static library libgpd_dense_layer.a
[ 20%] Built target gpd_dense_layer
[ 21%] Linking CXX static library libgpd_hand_geometry.a
[ 21%] Built target gpd_hand_geometry
[ 23%] Linking CXX static library libgpd_image_geometry.a
[ 24%] Linking CXX static library libgpd_finger_hand.a
[ 24%] Built target gpd_image_geometry
[ 24%] Built target gpd_finger_hand
[ 26%] Building CXX object CMakeFiles/gpd_hand.dir/src/gpd/candidate/hand.cpp.o
[ 27%] Linking CXX static library libgpd_point_list.a
[ 27%] Built target gpd_point_list
[ 29%] Building CXX object CMakeFiles/gpd_antipodal.dir/src/gpd/candidate/antipodal.cpp.o
[ 30%] Linking CXX static library libgpd_conv_layer.a
[ 30%] Built target gpd_conv_layer
[ 32%] Building CXX object CMakeFiles/gpd_classifier.dir/src/gpd/net/classifier.cpp.o
[ 33%] Building CXX object CMakeFiles/gpd_classifier.dir/src/gpd/net/eigen_classifier.cpp.o
[ 35%] Linking CXX static library libgpd_hand.a
[ 35%] Built target gpd_hand
[ 36%] Building CXX object CMakeFiles/gpd_clustering.dir/src/gpd/clustering.cpp.o
[ 38%] Linking CXX static library libgpd_local_frame.a
[ 38%] Built target gpd_local_frame
[ 40%] Linking CXX static library libgpd_antipodal.a
[ 40%] Built target gpd_antipodal
[ 41%] Building CXX object CMakeFiles/gpd_hand_set.dir/src/gpd/candidate/hand_set.cpp.o
[ 43%] Linking CXX static library libgpd_classifier.a
[ 43%] Built target gpd_classifier
[ 44%] Linking CXX static library libgpd_clustering.a
[ 44%] Built target gpd_clustering
[ 46%] Linking CXX static library libgpd_hand_set.a
[ 46%] Built target gpd_hand_set
[ 47%] Building CXX object CMakeFiles/gpd_image_15_channels_strategy.dir/src/gpd/descriptor/image_15_channels_strategy.cpp.o
[ 49%] Linking CXX static library libgpd_image_15_channels_strategy.a
[ 49%] Built target gpd_image_15_channels_strategy
[ 50%] Building CXX object CMakeFiles/gpd_image_12_channels_strategy.dir/src/gpd/descriptor/image_12_channels_strategy.cpp.o
[ 52%] Linking CXX static library libgpd_cloud.a
[ 52%] Built target gpd_cloud
[ 53%] Building CXX object CMakeFiles/gpd_frame_estimator.dir/src/gpd/candidate/frame_estimator.cpp.o
[ 55%] Building CXX object CMakeFiles/gpd_plot.dir/src/gpd/util/plot.cpp.o
[ 56%] Linking CXX static library libgpd_image_12_channels_strategy.a
[ 56%] Built target gpd_image_12_channels_strategy
[ 58%] Building CXX object CMakeFiles/gpd_image_3_channels_strategy.dir/src/gpd/descriptor/image_3_channels_strategy.cpp.o
[ 60%] Linking CXX static library libgpd_image_3_channels_strategy.a
[ 60%] Built target gpd_image_3_channels_strategy
[ 61%] Building CXX object CMakeFiles/gpd_image_1_channels_strategy.dir/src/gpd/descriptor/image_1_channels_strategy.cpp.o
[ 63%] Linking CXX static library libgpd_frame_estimator.a
[ 63%] Built target gpd_frame_estimator
[ 64%] Linking CXX static library libgpd_image_1_channels_strategy.a
[ 64%] Built target gpd_image_1_channels_strategy
[ 66%] Building CXX object CMakeFiles/gpd_image_strategy.dir/src/gpd/descriptor/image_strategy.cpp.o
[ 67%] Linking CXX static library libgpd_image_strategy.a
[ 67%] Built target gpd_image_strategy
[ 69%] Building CXX object CMakeFiles/gpd_image_generator.dir/src/gpd/descriptor/image_generator.cpp.o
[ 70%] Linking CXX static library libgpd_plot.a
[ 70%] Built target gpd_plot
[ 72%] Building CXX object CMakeFiles/gpd_hand_search.dir/src/gpd/candidate/hand_search.cpp.o
[ 73%] Linking CXX static library libgpd_image_generator.a
[ 73%] Built target gpd_image_generator
[ 75%] Linking CXX static library libgpd_hand_search.a
[ 75%] Built target gpd_hand_search
[ 76%] Building CXX object CMakeFiles/gpd_candidates_generator.dir/src/gpd/candidate/candidates_generator.cpp.o
[ 78%] Linking CXX static library libgpd_candidates_generator.a
[ 78%] Built target gpd_candidates_generator
[ 81%] Building CXX object CMakeFiles/gpd_generate_candidates.dir/src/generate_candidates.cpp.o
[ 81%] Building CXX object CMakeFiles/gpd_grasp_detector.dir/src/gpd/grasp_detector.cpp.o
[ 83%] Building CXX object CMakeFiles/gpd_test_grasp_image.dir/src/tests/test_grasp_image.cpp.o
[ 84%] Linking CXX executable gpd_generate_candidates
[ 86%] Linking CXX executable test_grasp_image
[ 86%] Built target gpd_generate_candidates
[ 87%] Linking CXX shared library libgpd.so
[ 87%] Built target gpd_test_grasp_image
[ 87%] Built target gpd_grasp_detector
[ 89%] Building CXX object CMakeFiles/gpd_sequential_importance_sampling.dir/src/gpd/sequential_importance_sampling.cpp.o
[ 90%] Building CXX object CMakeFiles/gpd_detect_grasps.dir/src/detect_grasps.cpp.o
[ 92%] Building CXX object CMakeFiles/gpd_label_grasps.dir/src/label_grasps.cpp.o
[ 93%] Linking CXX executable detect_grasps
[ 95%] Linking CXX executable label_grasps
[ 95%] Built target gpd_detect_grasps
[ 95%] Built target gpd_label_grasps
[ 96%] Linking CXX static library libgpd_sequential_importance_sampling.a
[ 96%] Built target gpd_sequential_importance_sampling
[ 98%] Building CXX object CMakeFiles/gpd_cem_detect_grasps.dir/src/cem_detect_grasps.cpp.o
[100%] Linking CXX executable cem_detect_grasps
[100%] Built target gpd_cem_detect_grasps
-- Install configuration: "Debug"
-- Installing: /usr/local/lib/libgpd.so
-- Installing: /usr/local/include/gpd
-- Installing: /usr/local/include/gpd/grasp_detector.h
-- Installing: /usr/local/include/gpd/descriptor
-- Installing: /usr/local/include/gpd/descriptor/image_strategy.h
-- Installing: /usr/local/include/gpd/descriptor/image_12_channels_strategy.h
-- Installing: /usr/local/include/gpd/descriptor/image_15_channels_strategy.h
-- Installing: /usr/local/include/gpd/descriptor/image_1_channels_strategy.h
-- Installing: /usr/local/include/gpd/descriptor/image_3_channels_strategy.h
-- Installing: /usr/local/include/gpd/descriptor/image_generator.h
-- Installing: /usr/local/include/gpd/descriptor/image_geometry.h
-- Installing: /usr/local/include/gpd/data_generator.h
-- Installing: /usr/local/include/gpd/sequential_importance_sampling.h
-- Installing: /usr/local/include/gpd/util
-- Installing: /usr/local/include/gpd/util/cloud.h
-- Installing: /usr/local/include/gpd/util/plot.h
-- Installing: /usr/local/include/gpd/util/eigen_utils.h
-- Installing: /usr/local/include/gpd/util/point_list.h
-- Installing: /usr/local/include/gpd/util/config_file.h
-- Installing: /usr/local/include/gpd/clustering.h
-- Installing: /usr/local/include/gpd/candidate
-- Installing: /usr/local/include/gpd/candidate/frame_estimator.h
-- Installing: /usr/local/include/gpd/candidate/hand_geometry.h
-- Installing: /usr/local/include/gpd/candidate/antipodal.h
-- Installing: /usr/local/include/gpd/candidate/hand_search.h
-- Installing: /usr/local/include/gpd/candidate/local_frame.h
-- Installing: /usr/local/include/gpd/candidate/candidates_generator.h
-- Installing: /usr/local/include/gpd/candidate/hand.h
-- Installing: /usr/local/include/gpd/candidate/hand_set.h
-- Installing: /usr/local/include/gpd/candidate/finger_hand.h
-- Installing: /usr/local/include/gpd/net
-- Installing: /usr/local/include/gpd/net/dense_layer.h
-- Installing: /usr/local/include/gpd/net/conv_layer.h
-- Installing: /usr/local/include/gpd/net/classifier.h
-- Installing: /usr/local/include/gpd/net/openvino_classifier.h.in
-- Installing: /usr/local/include/gpd/net/caffe_classifier.h
-- Installing: /usr/local/include/gpd/net/eigen_classifier.h
-- Installing: /usr/local/include/gpd/net/layer.h
	libgpd.so (libc6,x86-64) => /usr/local/lib/libgpd.so
 ---> Removed intermediate container 173fa90b8ad3
 ---> 9e79e33be3ae
Step 7/10 : RUN rm -rf /workspace/unip_core_ws && mkdir -p /workspace/unip_core_ws/src
 ---> Running in ee560acb86bd
 ---> Removed intermediate container ee560acb86bd
 ---> 0f2df1d0fed0
Step 8/10 : COPY src/ /workspace/unip_core_ws/src/
 ---> 7d7a147986fb
Step 9/10 : RUN source /workspace/jazzy_ws/install/setup.bash &&     source /workspace/unip_ros311_ws/install/local_setup.bash &&     cd /workspace/unip_core_ws &&     colcon build         --merge-install         --packages-up-to             gpd_ros_messages             gpd_ros             generate_motion_msgs             placeability_scoring         --cmake-args             -DCMAKE_BUILD_TYPE=RelWithDebInfo             -DCMAKE_EXPORT_COMPILE_COMMANDS=ON
 ---> Running in 67ca13133276
Starting >>> gpd_ros_messages
Starting >>> generate_motion_msgs
[91m--- stderr: generate_motion_msgs
CMake Warning:
  Manually-specified variables were not used by the project:

    CATKIN_INSTALL_INTO_PREFIX_ROOT


---
[0mFinished <<< generate_motion_msgs [4.82s]
Finished <<< gpd_ros_messages [9.17s]
Starting >>> gpd_ros
[91m--- stderr: gpd_ros
CMake Warning (dev) at /usr/lib/x86_64-linux-gnu/cmake/pcl/Modules/FindFLANN.cmake:45 (find_package):
  Policy CMP0144 is not set: find_package uses upper-case <PACKAGENAME>_ROOT
  variables.  Run "cmake --help-policy CMP0144" for policy details.  Use the
  cmake_policy command to set the policy and suppress this warning.

  CMake variable FLANN_ROOT is set to:

    /usr

  For compatibility, find_package is ignoring the variable, but code in a
  .cmake module might still use it.
Call Stack (most recent call first):
  /usr/lib/x86_64-linux-gnu/cmake/pcl/PCLConfig.cmake:261 (find_package)
  /usr/lib/x86_64-linux-gnu/cmake/pcl/PCLConfig.cmake:306 (find_flann)
  /usr/lib/x86_64-linux-gnu/cmake/pcl/PCLConfig.cmake:570 (find_external_library)
  CMakeLists.txt:28 (find_package)
This warning is for project developers.  Use -Wno-dev to suppress it.

** WARNING ** io features related to pcap will be disabled
---[0m[91m
[0m[Processing: gpd_ros]
Finished <<< gpd_ros [49.6s]
Starting >>> placeability_scoring
[91m[59.057s] WARNING:colcon.colcon_ros.task.ament_python.build:Package 'placeability_scoring' doesn't explicitly install a marker in the package index (colcon-ros currently does it implicitly but that fallback will be removed in the future)
[0m[91m[59.057s] WARNING:colcon.colcon_ros.task.ament_python.build:Package 'placeability_scoring' doesn't explicitly install the 'package.xml' file (colcon-ros currently does it implicitly but that fallback will be removed in the future)
[0mFinished <<< placeability_scoring [0.63s]

Summary: 4 packages finished [59.5s]
  2 packages had stderr output: generate_motion_msgs gpd_ros
 ---> Removed intermediate container 67ca13133276
 ---> 3913c58bebb2
Step 10/10 : RUN source /workspace/jazzy_ws/install/setup.bash &&     source /workspace/unip_ros311_ws/install/local_setup.bash &&     source /workspace/unip_core_ws/install/local_setup.bash &&     python3 -c 'import sys; assert sys.version_info[:2] == (3, 11); import placeability_scoring, gpd_ros_messages; print("UniP core Python imports: PASS")'
 ---> Running in b13a3dd60c56
UniP core Python imports: PASS
 ---> Removed intermediate container b13a3dd60c56
 ---> 014abc042383
Successfully built 014abc042383
Successfully tagged unip_core_ros311:latest
[build_unip_workspace_ros311.sh] Extracting install tree to: /workspace/install
[build_unip_workspace_ros311.sh] PASS: UniP core ROS311 workspace build completed.
[build_unip_workspace_ros311.sh] Install tree: /workspace/install
